 PhysXCooking_64

 Timestamp is 6922e0dc (Sun Nov 23 11:24:28 2025)

 Preferred load address is 0000000180000000

 Start         Length     Name                   Class
 0001:00000000 00000060H .text$di                CODE
 0001:00000060 0001f6b0H .text$mn                CODE
 0001:0001f710 00000060H .text$mn$00             CODE
 0001:0001f770 00000c40H .text$mn$21             CODE
 0001:000203b0 000006d0H .text$x                 CODE
 0002:00000000 00000280H .idata$5                DATA
 0002:00000280 00000038H .00cfg                  DATA
 0002:000002b8 00000008H .CRT$XCA                DATA
 0002:000002c0 00000030H .CRT$XCU                DATA
 0002:000002f0 00000008H .CRT$XCZ                DATA
 0002:000002f8 00000008H .CRT$XIA                DATA
 0002:00000300 00000018H .CRT$XIC                DATA
 0002:00000318 00000008H .CRT$XIZ                DATA
 0002:00000320 00000008H .CRT$XPA                DATA
 0002:00000328 00000010H .CRT$XPX                DATA
 0002:00000338 00000008H .CRT$XPXA               DATA
 0002:00000340 00000008H .CRT$XPZ                DATA
 0002:00000348 00000008H .CRT$XTA                DATA
 0002:00000350 00000010H .CRT$XTZ                DATA
 0002:00000358 00000000H .gehcont$y              DATA
 0002:00000358 00000000H .gfids$y                DATA
 0002:00000360 00008e60H .rdata                  DATA
 0002:000091c0 000001c0H .rdata$00               DATA
 0002:00009380 00000000H .rdata$CastGuardVftablesA DATA
 0002:00009380 00000000H .rdata$CastGuardVftablesC DATA
 0002:00009380 00000464H .rdata$r                DATA
 0002:000097e4 00000164H .rdata$voltmd           DATA
 0002:00009948 00000460H .rdata$zzzdbg           DATA
 0002:00009da8 00000008H .rtc$IAA                DATA
 0002:00009db0 00000008H .rtc$IZZ                DATA
 0002:00009db8 00000008H .rtc$TAA                DATA
 0002:00009dc0 00000008H .rtc$TZZ                DATA
 0002:00009dc8 00001740H .xdata                  DATA
 0002:0000b508 00000084H .xdata$x                DATA
 0002:0000b58c 00000040H .didat$2                DATA
 0002:0000b5cc 00000024H .didat$3                DATA
 0002:0000b5f0 000000d0H .didat$4                DATA
 0002:0000b6c0 00000280H .didat$6                DATA
 0002:0000b940 000001f0H .didat$7                DATA
 0002:0000bb30 00000af8H .edata                  DATA
 0002:0000c628 00000014H .idata$2                DATA
 0002:0000c63c 00000014H .idata$3                DATA
 0002:0000c650 00000280H .idata$4                DATA
 0002:0000c8d0 000005ccH .idata$6                DATA
 0003:00000000 00000a70H .data                   DATA
 0003:00000a70 000000e0H .data$r                 DATA
 0003:00000b50 000000f0H .data$rs                DATA
 0003:00000c40 000000d0H .didat$5                DATA
 0003:00000d10 00001150H .bss                    DATA
 0004:00000000 00001980H .pdata                  DATA
 0005:00000000 00000100H .fptable                DATA
 0006:00000000 000000a0H .rsrc$01                DATA
 0006:000000a0 000004b0H .rsrc$02                DATA

  Address         Publics by Value              Rva+Base               Lib:Object

 0000:00000000       __AbsoluteZero             0000000000000000     <absolute>
 0000:00000000       ___safe_se_handler_count   0000000000000000     <absolute>
 0000:00000000       ___safe_se_handler_table   0000000000000000     <absolute>
 0000:00000000       __arm64x_extra_rfe_table   0000000000000000     <absolute>
 0000:00000000       __arm64x_extra_rfe_table_size 0000000000000000     <absolute>
 0000:00000000       __arm64x_native_entrypoint 0000000000000000     <absolute>
 0000:00000000       __arm64x_redirection_metadata 0000000000000000     <absolute>
 0000:00000000       __arm64x_redirection_metadata_count 0000000000000000     <absolute>
 0000:00000000       __dynamic_value_reloc_table 0000000000000000     <absolute>
 0000:00000000       __enclave_config           0000000000000000     <absolute>
 0000:00000000       __guard_check_icall_a64n_fptr 0000000000000000     <absolute>
 0000:00000000       __guard_eh_cont_count      0000000000000000     <absolute>
 0000:00000000       __guard_eh_cont_table      0000000000000000     <absolute>
 0000:00000000       __guard_fids_count         0000000000000000     <absolute>
 0000:00000000       __guard_fids_table         0000000000000000     <absolute>
 0000:00000000       __guard_iat_count          0000000000000000     <absolute>
 0000:00000000       __guard_iat_table          0000000000000000     <absolute>
 0000:00000000       __guard_longjmp_count      0000000000000000     <absolute>
 0000:00000000       __guard_longjmp_table      0000000000000000     <absolute>
 0000:00000000       __hybrid_auxiliary_delayload_iat 0000000000000000     <absolute>
 0000:00000000       __hybrid_auxiliary_delayload_iat_copy 0000000000000000     <absolute>
 0000:00000000       __hybrid_auxiliary_iat     0000000000000000     <absolute>
 0000:00000000       __hybrid_auxiliary_iat_copy 0000000000000000     <absolute>
 0000:00000000       __hybrid_code_map          0000000000000000     <absolute>
 0000:00000000       __hybrid_code_map_count    0000000000000000     <absolute>
 0000:00000000       __hybrid_image_info_bitfield 0000000000000000     <absolute>
 0000:00000000       __x64_code_ranges_to_entry_points 0000000000000000     <absolute>
 0000:00000000       __x64_code_ranges_to_entry_points_count 0000000000000000     <absolute>
 0000:00000100       __guard_flags              0000000000000100     <absolute>
 0000:00000000       __ImageBase                0000000180000000     <linker-defined>
 0001:00000060       ??$copy@V?$PxReflectionAllocator@USlab@NodeAllocator@Gu@physx@@@physx@@@?$PxArray@USlab@NodeAllocator@Gu@physx@@V?$PxReflectionAllocator@USlab@NodeAllocator@Gu@physx@@@4@@physx@@IEAAXAEBV01@@Z 0000000180001060 f i Cooking.obj
 0001:000000e0       ??0AABBTreeBounds@Gu@physx@@QEAA@XZ 00000001800010e0 f i Cooking.obj
 0001:000000f0       ??0AABBTreeBuildNode@Gu@physx@@QEAA@AEBV012@@Z 00000001800010f0 f i Cooking.obj
 0001:000000f0       ??4AABBTreeBuildNode@Gu@physx@@QEAAAEAV012@AEBV012@@Z 00000001800010f0 f i Cooking.obj
 0001:00000130       ??0AABBTreeBuildNode@Gu@physx@@QEAA@XZ 0000000180001130 f i Cooking.obj
 0001:00000130       ??4PxFoundation@physx@@QEAAAEAV01@AEBV01@@Z 0000000180001130 f i Cooking.obj
 0001:00000130       ?getAABB@AABBTreeBuildNode@Gu@physx@@QEBAAEBVPxBounds3@3@XZ 0000000180001130 f i Cooking.obj
 0001:00000140       ??0AABBTreeBuildParams@Gu@physx@@QEAA@IIPEBVAABBTreeBounds@12@W4BVHBuildStrategy@12@@Z 0000000180001140 f i Cooking.obj
 0001:00000160       ??0NodeAllocator@Gu@physx@@QEAA@AEBV012@@Z 0000000180001160 f i Cooking.obj
 0001:000001a0       ??0PxFoundation@physx@@QEAA@AEBV01@@Z 00000001800011a0 f i Cooking.obj
 0001:000001a0       ??0PxFoundation@physx@@QEAA@XZ 00000001800011a0 f i Cooking.obj
 0001:000001b0       ??1AABBTreeBounds@Gu@physx@@QEAA@XZ 00000001800011b0 f i Cooking.obj
 0001:000001c0       ??1AABBTreeBuildNode@Gu@physx@@QEAA@XZ 00000001800011c0 f i Cooking.obj
 0001:000001c0       _guard_check_icall_nop     00000001800011c0 f i LIBCMT:guard_support.obj
 0001:000001d0       ??1AABBTreeBuildParams@Gu@physx@@QEAA@XZ 00000001800011d0 f i Cooking.obj
 0001:000001d0       ?reset@AABBTreeBuildParams@Gu@physx@@QEAAXXZ 00000001800011d0 f i Cooking.obj
 0001:00000220       ??1PxFoundation@physx@@MEAA@XZ 0000000180001220 f i Cooking.obj
 0001:00000230       ??4AABBTreeBounds@Gu@physx@@QEAAAEAV012@AEBV012@@Z 0000000180001230 f i Cooking.obj
 0001:00000240       ??4AABBTreeBuildParams@Gu@physx@@QEAAAEAV012@AEBV012@@Z 0000000180001240 f i Cooking.obj
 0001:00000260       ??4NodeAllocator@Gu@physx@@QEAAAEAV012@AEBV012@@Z 0000000180001260 f i Cooking.obj
 0001:00000310       ??_EPxFoundation@physx@@MEAAPEAXI@Z 0000000180001310 f i Cooking.obj
 0001:000003a0       ??_FAABBTreeBuildParams@Gu@physx@@QEAAXXZ 00000001800013a0 f i Cooking.obj
 0001:000003c0       ?allocate@?$PxArray@USlab@NodeAllocator@Gu@physx@@V?$PxReflectionAllocator@USlab@NodeAllocator@Gu@physx@@@4@@physx@@IEAAPEAUSlab@NodeAllocator@Gu@2@IPEAI@Z 00000001800013c0 f i Cooking.obj
 0001:00000460       ?getBounds@AABBTreeBounds@Gu@physx@@QEAAPEAVPxBounds3@3@XZ 0000000180001460 f i Cooking.obj
 0001:00000460       ?getBounds@AABBTreeBounds@Gu@physx@@QEBAPEBVPxBounds3@3@XZ 0000000180001460 f i Cooking.obj
 0001:00000470       ?getNbPrimitives@AABBTreeBuildNode@Gu@physx@@QEBAIXZ 0000000180001470 f i Cooking.obj
 0001:00000470       ?getNbRuntimePrimitives@AABBTreeBuildNode@Gu@physx@@QEBAIXZ 0000000180001470 f i Cooking.obj
 0001:00000480       ?getNeg@AABBTreeBuildNode@Gu@physx@@QEBAPEBV123@XZ 0000000180001480 f i Cooking.obj
 0001:000004a0       ?getPos@AABBTreeBuildNode@Gu@physx@@QEBAPEBV123@XZ 00000001800014a0 f i Cooking.obj
 0001:000004b0       ?getPrimitives@AABBTreeBuildNode@Gu@physx@@QEAAPEAIPEAI@Z 00000001800014b0 f i Cooking.obj
 0001:000004b0       ?getPrimitives@AABBTreeBuildNode@Gu@physx@@QEBAPEBIPEBI@Z 00000001800014b0 f i Cooking.obj
 0001:000004c0       ?isLeaf@AABBTreeBuildNode@Gu@physx@@QEBA_NXZ 00000001800014c0 f i Cooking.obj
 0001:000004d0       ?moveFrom@AABBTreeBounds@Gu@physx@@QEAAXAEAV123@@Z 00000001800014d0 f i Cooking.obj
 0001:000004e0       ?ownsMemory@AABBTreeBounds@Gu@physx@@QEBA_NXZ 00000001800014e0 f i Cooking.obj
 0001:000004f0       ?recreate@?$PxArray@USlab@NodeAllocator@Gu@physx@@V?$PxReflectionAllocator@USlab@NodeAllocator@Gu@physx@@@4@@physx@@IEAAXI@Z 00000001800014f0 f i Cooking.obj
 0001:00000600       ?setBounds@AABBTreeBounds@Gu@physx@@QEAAXPEAVPxBounds3@3@@Z 0000000180001600 f i Cooking.obj
 0001:00000610       ?setNbRunTimePrimitives@AABBTreeBuildNode@Gu@physx@@QEAAXI@Z 0000000180001610 f i Cooking.obj
 0001:00000620       ?takeOwnership@AABBTreeBounds@Gu@physx@@QEAAXXZ 0000000180001620 f i Cooking.obj
 0001:00000630       PxAssembleDeformableVolumeMesh 0000000180001630 f   Cooking.obj
 0001:00000640       PxComputeCollisionData     0000000180001640 f   Cooking.obj
 0001:00000650       PxComputeHullPolygons      0000000180001650 f   Cooking.obj
 0001:00000660       PxComputeModelsMapping     0000000180001660 f   Cooking.obj
 0001:00000670       PxComputeSimulationData    0000000180001670 f   Cooking.obj
 0001:00000680       PxCookBVH                  0000000180001680 f   Cooking.obj
 0001:00000690       PxCookConvexMesh           0000000180001690 f   Cooking.obj
 0001:000006a0       PxCookDeformableVolumeMesh 00000001800016a0 f   Cooking.obj
 0001:000006b0       PxCookHeightField          00000001800016b0 f   Cooking.obj
 0001:000006c0       PxCookTetrahedronMesh      00000001800016c0 f   Cooking.obj
 0001:000006d0       PxCookTriangleMesh         00000001800016d0 f   Cooking.obj
 0001:000006e0       PxCreateBVH                00000001800016e0 f   Cooking.obj
 0001:000006f0       PxCreateBVHInternal        00000001800016f0 f   Cooking.obj
 0001:000007a0       PxCreateConvexMesh         00000001800017a0 f   Cooking.obj
 0001:000007b0       PxCreateDeformableVolumeMesh 00000001800017b0 f   Cooking.obj
 0001:000007c0       PxCreateHeightField        00000001800017c0 f   Cooking.obj
 0001:000007d0       PxCreateTetrahedronMesh    00000001800017d0 f   Cooking.obj
 0001:000007e0       PxCreateTriangleMesh       00000001800017e0 f   Cooking.obj
 0001:000007f0       PxCreateTriangleMeshInternal 00000001800017f0 f   Cooking.obj
 0001:00000890       PxGetStandaloneInsertionCallback 0000000180001890 f   Cooking.obj
 0001:000008a0       PxValidateConvexMesh       00000001800018a0 f   Cooking.obj
 0001:000008b0       PxValidateTriangleMesh     00000001800018b0 f   Cooking.obj
 0001:000008c0       ?cookingDelayHook@@YAP6A_JXZIPEAUDelayLoadInfo@@@Z 00000001800018c0 f   WindowsCookingDelayLoadHook.obj
 0001:000009a0       PxSetPhysXCookingDelayLoadHook 00000001800019a0 f   WindowsCookingDelayLoadHook.obj
 0001:000009a8       getInsertionCallback       00000001800019a8 f   PhysXCommon_64:PhysXCommon_64.dll
 0001:000009ae       __tailMerge_physxcommon_64_dll 00000001800019ae     PhysXCommon_64:PhysXCommon_64.dll
 0001:00000a27       __imp_load_getInsertionCallback 0000000180001a27 f   PhysXCommon_64:PhysXCommon_64.dll
 0001:00000a33       cookBVH                    0000000180001a33 f   PhysXCommon_64:PhysXCommon_64.dll
 0001:00000a39       __imp_load_cookBVH         0000000180001a39 f   PhysXCommon_64:PhysXCommon_64.dll
 0001:00000a45       createBVH                  0000000180001a45 f   PhysXCommon_64:PhysXCommon_64.dll
 0001:00000a4b       __imp_load_createBVH       0000000180001a4b f   PhysXCommon_64:PhysXCommon_64.dll
 0001:00000a57       cookHeightField            0000000180001a57 f   PhysXCommon_64:PhysXCommon_64.dll
 0001:00000a5d       __imp_load_cookHeightField 0000000180001a5d f   PhysXCommon_64:PhysXCommon_64.dll
 0001:00000a69       createHeightField          0000000180001a69 f   PhysXCommon_64:PhysXCommon_64.dll
 0001:00000a6f       __imp_load_createHeightField 0000000180001a6f f   PhysXCommon_64:PhysXCommon_64.dll
 0001:00000a7b       cookConvexMesh             0000000180001a7b f   PhysXCommon_64:PhysXCommon_64.dll
 0001:00000a81       __imp_load_cookConvexMesh  0000000180001a81 f   PhysXCommon_64:PhysXCommon_64.dll
 0001:00000a8d       createConvexMesh           0000000180001a8d f   PhysXCommon_64:PhysXCommon_64.dll
 0001:00000a93       __imp_load_createConvexMesh 0000000180001a93 f   PhysXCommon_64:PhysXCommon_64.dll
 0001:00000a9f       validateConvexMesh         0000000180001a9f f   PhysXCommon_64:PhysXCommon_64.dll
 0001:00000aa5       __imp_load_validateConvexMesh 0000000180001aa5 f   PhysXCommon_64:PhysXCommon_64.dll
 0001:00000ab1       computeHullPolygons        0000000180001ab1 f   PhysXCommon_64:PhysXCommon_64.dll
 0001:00000ab7       __imp_load_computeHullPolygons 0000000180001ab7 f   PhysXCommon_64:PhysXCommon_64.dll
 0001:00000ac3       validateTriangleMesh       0000000180001ac3 f   PhysXCommon_64:PhysXCommon_64.dll
 0001:00000ac9       __imp_load_validateTriangleMesh 0000000180001ac9 f   PhysXCommon_64:PhysXCommon_64.dll
 0001:00000ad5       createTriangleMesh         0000000180001ad5 f   PhysXCommon_64:PhysXCommon_64.dll
 0001:00000adb       __imp_load_createTriangleMesh 0000000180001adb f   PhysXCommon_64:PhysXCommon_64.dll
 0001:00000ae7       cookTriangleMesh           0000000180001ae7 f   PhysXCommon_64:PhysXCommon_64.dll
 0001:00000aed       __imp_load_cookTriangleMesh 0000000180001aed f   PhysXCommon_64:PhysXCommon_64.dll
 0001:00000af9       cookTetrahedronMesh        0000000180001af9 f   PhysXCommon_64:PhysXCommon_64.dll
 0001:00000aff       __imp_load_cookTetrahedronMesh 0000000180001aff f   PhysXCommon_64:PhysXCommon_64.dll
 0001:00000b0b       createTetrahedronMesh      0000000180001b0b f   PhysXCommon_64:PhysXCommon_64.dll
 0001:00000b11       __imp_load_createTetrahedronMesh 0000000180001b11 f   PhysXCommon_64:PhysXCommon_64.dll
 0001:00000b1d       cookDeformableVolumeMesh   0000000180001b1d f   PhysXCommon_64:PhysXCommon_64.dll
 0001:00000b23       __imp_load_cookDeformableVolumeMesh 0000000180001b23 f   PhysXCommon_64:PhysXCommon_64.dll
 0001:00000b2f       createDeformableVolumeMesh 0000000180001b2f f   PhysXCommon_64:PhysXCommon_64.dll
 0001:00000b35       __imp_load_createDeformableVolumeMesh 0000000180001b35 f   PhysXCommon_64:PhysXCommon_64.dll
 0001:00000b41       computeModelsMapping       0000000180001b41 f   PhysXCommon_64:PhysXCommon_64.dll
 0001:00000b47       __imp_load_computeModelsMapping 0000000180001b47 f   PhysXCommon_64:PhysXCommon_64.dll
 0001:00000b53       computeCollisionData       0000000180001b53 f   PhysXCommon_64:PhysXCommon_64.dll
 0001:00000b59       __imp_load_computeCollisionData 0000000180001b59 f   PhysXCommon_64:PhysXCommon_64.dll
 0001:00000b65       computeSimulationData      0000000180001b65 f   PhysXCommon_64:PhysXCommon_64.dll
 0001:00000b6b       __imp_load_computeSimulationData 0000000180001b6b f   PhysXCommon_64:PhysXCommon_64.dll
 0001:00000b77       assembleDeformableVolumeMesh 0000000180001b77 f   PhysXCommon_64:PhysXCommon_64.dll
 0001:00000b7d       __imp_load_assembleDeformableVolumeMesh 0000000180001b7d f   PhysXCommon_64:PhysXCommon_64.dll
 0001:00000b89       ?release@AABBTreeBounds@Gu@physx@@QEAAXXZ 0000000180001b89 f   PhysXCommon_64:PhysXCommon_64.dll
 0001:00000b8f       __imp_load_?release@AABBTreeBounds@Gu@physx@@QEAAXXZ 0000000180001b8f f   PhysXCommon_64:PhysXCommon_64.dll
 0001:00000b9b       ??0BVH@Gu@physx@@QEAA@AEBUPxBVHInternalData@2@@Z 0000000180001b9b f   PhysXCommon_64:PhysXCommon_64.dll
 0001:00000ba1       __imp_load_??0BVH@Gu@physx@@QEAA@AEBUPxBVHInternalData@2@@Z 0000000180001ba1 f   PhysXCommon_64:PhysXCommon_64.dll
 0001:00000bad       ??0BV4TriangleMesh@Gu@physx@@QEAA@AEBUPxTriangleMeshInternalData@2@@Z 0000000180001bad f   PhysXCommon_64:PhysXCommon_64.dll
 0001:00000bb3       __imp_load_??0BV4TriangleMesh@Gu@physx@@QEAA@AEBUPxTriangleMeshInternalData@2@@Z 0000000180001bb3 f   PhysXCommon_64:PhysXCommon_64.dll
 0001:00000bbf       PxGetBroadcastAllocator    0000000180001bbf f   PhysXFoundation_64:PhysXFoundation_64.dll
 0001:00000bc5       __tailMerge_physxfoundation_64_dll 0000000180001bc5     PhysXFoundation_64:PhysXFoundation_64.dll
 0001:00000c3e       __imp_load_PxGetBroadcastAllocator 0000000180001c3e f   PhysXFoundation_64:PhysXFoundation_64.dll
 0001:00000d38       ?DloadAcquireSectionWriteAccess@@YAXXZ 0000000180001d38 f i Delayimp:delayhlp.obj
 0001:00000df4       ?DloadGetSRWLockFunctionPointers@@YAEXZ 0000000180001df4 f i Delayimp:delayhlp.obj
 0001:00000e94       ?DloadMakePermanentImageCommit@@YAXPEAX_K@Z 0000000180001e94 f i Delayimp:delayhlp.obj
 0001:00000f2c       ?DloadObtainSection@@YAPEAXPEAK0@Z 0000000180001f2c f i Delayimp:delayhlp.obj
 0001:00000fc8       ?DloadProtectSection@@YAXPEAX_KKPEAK@Z 0000000180001fc8 f i Delayimp:delayhlp.obj
 0001:000010c0       ?DloadReleaseSectionWriteAccess@@YAXXZ 00000001800020c0 f i Delayimp:delayhlp.obj
 0001:0000116c       __delayLoadHelper2         000000018000216c f   Delayimp:delayhlp.obj
 0001:00001468       ??3@YAXPEAX@Z              0000000180002468 f   LIBCMT:delete_scalar.obj
 0001:00001470       ??3@YAXPEAX_K@Z            0000000180002470 f   LIBCMT:delete_scalar_size.obj
 0001:00001470       ??_V@YAXPEAX@Z             0000000180002470 f   LIBCMT:delete_array.obj
 0001:00001478       ??_V@YAXPEAX_K@Z           0000000180002478 f   LIBCMT:delete_array_size.obj
 0001:00001480       ??_Etype_info@@UEAAPEAXI@Z 0000000180002480 f i LIBCMT:std_type_info_static.obj
 0001:00001480       ??_Gtype_info@@UEAAPEAXI@Z 0000000180002480 f i LIBCMT:std_type_info_static.obj
 0001:000014ac       ?__scrt_initialize_type_info@@YAXXZ 00000001800024ac f   LIBCMT:tncleanup.obj
 0001:000014bc       ?__scrt_uninitialize_type_info@@YAXXZ 00000001800024bc f   LIBCMT:tncleanup.obj
 0001:000017dc       _DllMainCRTStartup         00000001800027dc f   LIBCMT:dll_dllmain.obj
 0001:0000181c       __security_init_cookie     000000018000281c f   LIBCMT:gs_support.obj
 0001:000018cc       ?length@charNode@@UEBAHXZ  00000001800028cc f   libvcruntime:undname.obj
 0001:000018cc       ?raw_length@charNode@@UEBAHXZ 00000001800028cc f   libvcruntime:undname.obj
 0001:000018cc       DllMain                    00000001800028cc f   LIBCMT:dll_dllmain_stub.obj
 0001:000018cc       _get_startup_argv_mode     00000001800028cc f   LIBCMT:argv_mode.obj
 0001:000018d4       __local_stdio_printf_options 00000001800028d4 f i LIBCMT:default_local_stdio_options.obj
 0001:000018dc       __local_stdio_scanf_options 00000001800028dc f i LIBCMT:default_local_stdio_options.obj
 0001:000018e4       __scrt_initialize_default_local_stdio_options 00000001800028e4 f   LIBCMT:default_local_stdio_options.obj
 0001:00001900       __scrt_acquire_startup_lock 0000000180002900 f   LIBCMT:utility.obj
 0001:0000193c       __scrt_dllmain_after_initialize_c 000000018000293c f   LIBCMT:utility.obj
 0001:00001970       __scrt_dllmain_before_initialize_c 0000000180002970 f   LIBCMT:utility.obj
 0001:00001988       __scrt_dllmain_crt_thread_attach 0000000180002988 f   LIBCMT:utility.obj
 0001:000019b0       __scrt_dllmain_crt_thread_detach 00000001800029b0 f   LIBCMT:utility.obj
 0001:000019c8       __scrt_dllmain_exception_filter 00000001800029c8 f   LIBCMT:utility.obj
 0001:00001a28       __scrt_dllmain_uninitialize_c 0000000180002a28 f   LIBCMT:utility.obj
 0001:00001a58       __scrt_dllmain_uninitialize_critical 0000000180002a58 f   LIBCMT:utility.obj
 0001:00001a6c       __scrt_initialize_crt      0000000180002a6c f   LIBCMT:utility.obj
 0001:00001aa8       __scrt_initialize_onexit_tables 0000000180002aa8 f   LIBCMT:utility.obj
 0001:00001b34       __scrt_is_nonwritable_in_current_image 0000000180002b34 f   LIBCMT:utility.obj
 0001:00001bcc       __scrt_release_startup_lock 0000000180002bcc f   LIBCMT:utility.obj
 0001:00001bf0       __scrt_uninitialize_crt    0000000180002bf0 f   LIBCMT:utility.obj
 0001:00001c1c       __scrt_get_dyn_tls_init_callback 0000000180002c1c f   LIBCMT:dyn_tls_init.obj
 0001:00001c24       __crt_debugger_hook        0000000180002c24 f   LIBCMT:utility_desktop.obj
 0001:00001c30       __scrt_fastfail            0000000180002c30 f   LIBCMT:utility_desktop.obj
 0001:00001d7c       _RTC_Initialize            0000000180002d7c f   LIBCMT:initsect.obj
 0001:00001db8       _RTC_Terminate             0000000180002db8 f   LIBCMT:initsect.obj
 0001:00001e00       __isa_available_init       0000000180002e00 f   LIBCMT:cpu_disp.obj
 0001:00002098       __scrt_is_ucrt_dll_in_use  0000000180003098 f   LIBCMT:ucrt_detection.obj
 0001:000020a4       _get_purecall_handler      00000001800030a4 f   libvcruntime:purevirt.obj
 0001:000020b0       _purecall                  00000001800030b0 f   libvcruntime:purevirt.obj
 0001:000020d4       __std_type_info_compare    00000001800030d4 f   libvcruntime:std_type_info.obj
 0001:000020ec       __std_type_info_destroy_list 00000001800030ec f   libvcruntime:std_type_info.obj
 0001:00002118       __std_type_info_name       0000000180003118 f   libvcruntime:std_type_info.obj
 0001:00002220       strstr                     0000000180003220 f   libvcruntime:strstr.obj
 0001:00002414       __C_specific_handler       0000000180003414 f   libvcruntime:riscchandler.obj
 0001:0000262c       __vcrt_initialize          000000018000362c f   libvcruntime:initialization.obj
 0001:00002654       __vcrt_thread_attach       0000000180003654 f   libvcruntime:initialization.obj
 0001:00002668       __vcrt_thread_detach       0000000180003668 f   libvcruntime:initialization.obj
 0001:00002678       __vcrt_uninitialize        0000000180003678 f   libvcruntime:initialization.obj
 0001:00002694       __vcrt_uninitialize_critical 0000000180003694 f   libvcruntime:initialization.obj
 0001:000026a4       __DestructExceptionObject  00000001800036a4 f   libvcruntime:ehhelpers.obj
 0001:00002718       ?_CallMemberFunction0@@YAXQEAX0@Z 0000000180003718 f i libvcruntime:ehhelpers.obj
 0001:0000271c       _IsExceptionObjectToBeDestroyed 000000018000371c f   libvcruntime:ehhelpers.obj
 0001:0000274c       __AdjustPointer            000000018000374c f   libvcruntime:ehhelpers.obj
 0001:00002770       __FrameUnwindFilter        0000000180003770 f   libvcruntime:ehhelpers.obj
 0001:000027d8       __std_terminate            00000001800037d8 f   libvcruntime:ehhelpers.obj
 0001:000027e4       ??$?0$00@DName@@QEAA@PEAVUnDecorator@@PEBDU?$StringLifeSelector@$00@@@Z 00000001800037e4 f i libvcruntime:undname.obj
 0001:00002830       ??$?0$01@DName@@QEAA@PEAVUnDecorator@@PEBDU?$StringLifeSelector@$01@@@Z 0000000180003830 f i libvcruntime:undname.obj
 0001:00002830       ??$?0$0A@@DName@@QEAA@PEAVUnDecorator@@PEBDU?$StringLifeSelector@$0A@@@@Z 0000000180003830 f i libvcruntime:undname.obj
 0001:0000287c       ??$?0$01@pcharNode@@QEAA@PEBDHU?$StringLifeSelector@$01@@AEAV_HeapManager@@@Z 000000018000387c f i libvcruntime:undname.obj
 0001:0000287c       ??$?0$0A@@pcharNode@@QEAA@PEBDHU?$StringLifeSelector@$0A@@@AEAV_HeapManager@@@Z 000000018000387c f i libvcruntime:undname.obj
 0001:000028e4       ??$append@VDNameNode@@@DName@@AEAAXPEBVDNameNode@@@Z 00000001800038e4 f i libvcruntime:undname.obj
 0001:000028e4       ??$append@VDNameStatusNode@@@DName@@AEAAXPEBVDNameStatusNode@@@Z 00000001800038e4 f i libvcruntime:undname.obj
 0001:000028e4       ??$append@VcharNode@@@DName@@AEAAXPEBVcharNode@@@Z 00000001800038e4 f i libvcruntime:undname.obj
 0001:000028e4       ??$append@VpcharNode@@@DName@@AEAAXPEBVpcharNode@@@Z 00000001800038e4 f i libvcruntime:undname.obj
 0001:0000294c       ??$doPchar@$00@DName@@AEAAXPEBDH@Z 000000018000394c f i libvcruntime:undname.obj
 0001:000029e8       ??$doPchar@$01@DName@@AEAAXPEBDH@Z 00000001800039e8 f i libvcruntime:undname.obj
 0001:000029e8       ??$doPchar@$0A@@DName@@AEAAXPEBDH@Z 00000001800039e8 f i libvcruntime:undname.obj
 0001:00002aa0       ??0DName@@QEAA@PEAVUnDecorator@@AEAPEBDD@Z 0000000180003aa0 f   libvcruntime:undname.obj
 0001:00002b64       ??0DName@@QEAA@PEAVUnDecorator@@AEBUStringLiteral@@@Z 0000000180003b64 f   libvcruntime:undname.obj
 0001:00002b9c       ??0DName@@QEAA@PEAVUnDecorator@@D@Z 0000000180003b9c f   libvcruntime:undname.obj
 0001:00002bc8       ??0DName@@QEAA@PEAVUnDecorator@@PEAV0@@Z 0000000180003bc8 f   libvcruntime:undname.obj
 0001:00002c50       ??0DName@@QEAA@PEAVUnDecorator@@W4DNameStatus@@@Z 0000000180003c50 f   libvcruntime:undname.obj
 0001:00002c84       ??0DName@@QEAA@PEAVUnDecorator@@_J@Z 0000000180003c84 f   libvcruntime:undname.obj
 0001:00002d30       ??0DName@@QEAA@PEAVUnDecorator@@_K@Z 0000000180003d30 f   libvcruntime:undname.obj
 0001:00002dbc       ??0DNameNode@@IEAA@XZ      0000000180003dbc f i libvcruntime:undname.obj
 0001:00002dcc       ??0UnDecorator@@QEAA@PEBDP6APEADJ@ZKP6APEAX_K@ZP6AXPEAX@Z@Z 0000000180003dcc f i libvcruntime:undname.obj
 0001:00002ebc       ??2@YAPEAX_KAEAV_HeapManager@@H@Z 0000000180003ebc f   libvcruntime:undname.obj
 0001:00002ee4       ??4DName@@QEAAAEAV0@AEBUStringLiteral@@@Z 0000000180003ee4 f   libvcruntime:undname.obj
 0001:00002f10       ??AReplicator@@QEBA?AVDName@@H@Z 0000000180003f10 f   libvcruntime:undname.obj
 0001:00002f6c       ??HDName@@QEBA?AV0@AEBUStringLiteral@@@Z 0000000180003f6c f   libvcruntime:undname.obj
 0001:00002fa0       ??HDName@@QEBA?AV0@AEBV0@@Z 0000000180003fa0 f   libvcruntime:undname.obj
 0001:00002fd4       ??HDName@@QEBA?AV0@D@Z     0000000180003fd4 f   libvcruntime:undname.obj
 0001:00003008       ??HDName@@QEBA?AV0@W4DNameStatus@@@Z 0000000180004008 f   libvcruntime:undname.obj
 0001:0000303c       ??YDName@@QEAAAEAV0@AEBUStringLiteral@@@Z 000000018000403c f   libvcruntime:undname.obj
 0001:000030b4       ??YDName@@QEAAAEAV0@AEBV0@@Z 00000001800040b4 f   libvcruntime:undname.obj
 0001:0000316c       ??YDName@@QEAAAEAV0@D@Z    000000018000416c f   libvcruntime:undname.obj
 0001:000031e4       ??YDName@@QEAAAEAV0@W4DNameStatus@@@Z 00000001800041e4 f   libvcruntime:undname.obj
 0001:00003250       ??YReplicator@@QEAAAEAV0@AEBVDName@@@Z 0000000180004250 f   libvcruntime:undname.obj
 0001:000032b4       ?UScore@UnDecorator@@QEAA?AUStringLiteral@@W4Tokens@@@Z 00000001800042b4 f   libvcruntime:undname.obj
 0001:000032f0       ?composeDeclaration@UnDecorator@@AEAA?AVDName@@AEBV2@@Z 00000001800042f0 f i libvcruntime:undname.obj
 0001:00004504       ?doPchar@DName@@AEAAXD@Z   0000000180005504 f   libvcruntime:undname.obj
 0001:0000455c       ?getAddressOf@UnDecorator@@AEAA?AVDName@@XZ 000000018000555c f   libvcruntime:undname.obj
 0001:000045fc       ?getArgumentList@UnDecorator@@AEAA?AVDName@@XZ 00000001800055fc f   libvcruntime:undname.obj
 0001:000047a8       ?getArgumentTypes@UnDecorator@@AEAA?AVDName@@XZ 00000001800057a8 f   libvcruntime:undname.obj
 0001:00004914       ?getArrayAccess@UnDecorator@@AEAA?AVDName@@XZ 0000000180005914 f   libvcruntime:undname.obj
 0001:000049c4       ?getArrayObject@UnDecorator@@AEAA?AVDName@@XZ 00000001800059c4 f   libvcruntime:undname.obj
 0001:00004aac       ?getArrayType@UnDecorator@@AEAA?AVDName@@AEBV2@@Z 0000000180005aac f i libvcruntime:undname.obj
 0001:00004d28       ?getBasedType@UnDecorator@@AEAA?AVDName@@XZ 0000000180005d28 f   libvcruntime:undname.obj
 0001:00004e3c       ?getBasicDataType@UnDecorator@@AEAA?AVDName@@AEBV2@@Z 0000000180005e3c f   libvcruntime:undname.obj
 0001:00005580       ?getCallingConvention@UnDecorator@@AEAA?AVDName@@XZ 0000000180006580 f   libvcruntime:undname.obj
 0001:000056c0       ?getDataIndirectType@UnDecorator@@AEAA?AVDName@@AEBV2@W4IndirectionKind@@0H@Z 00000001800066c0 f   libvcruntime:undname.obj
 0001:00006180       ?getDataType@UnDecorator@@AEAA?AVDName@@PEAV2@@Z 0000000180007180 f   libvcruntime:undname.obj
 0001:000062c4       ?getDecoratedName@UnDecorator@@AEAA?AVDName@@XZ 00000001800072c4 f   libvcruntime:undname.obj
 0001:00006600       ?getDimension@UnDecorator@@AEAA?AVDName@@_N@Z 0000000180007600 f   libvcruntime:undname.obj
 0001:00006768       ?getDispatchTarget@UnDecorator@@AEAA?AVDName@@XZ 0000000180007768 f   libvcruntime:undname.obj
 0001:000067e0       ?getECSUDataType@UnDecorator@@AEAA?AVDName@@XZ 00000001800077e0 f   libvcruntime:undname.obj
 0001:00006a20       ?getEnumType@UnDecorator@@AEAA?AVDName@@XZ 0000000180007a20 f i libvcruntime:undname.obj
 0001:00006b80       ?getExtendedDataIndirectType@UnDecorator@@AEAA?AVDName@@AEAW4IndirectionKind@@AEA_NH@Z 0000000180007b80 f   libvcruntime:undname.obj
 0001:00006df0       ?getExternalDataType@UnDecorator@@AEAA?AVDName@@AEBV2@@Z 0000000180007df0 f i libvcruntime:undname.obj
 0001:00006eec       ?getFloatingPoint@UnDecorator@@AEAA?AVDName@@H@Z 0000000180007eec f   libvcruntime:undname.obj
 0001:00007050       ?getFunctionIndirectType@UnDecorator@@AEAA?AVDName@@AEBV2@@Z 0000000180008050 f   libvcruntime:undname.obj
 0001:000075e4       ?getLastChar@DNameStatusNode@@UEBADXZ 00000001800085e4 f i libvcruntime:undname.obj
 0001:000075f0       ?getLastChar@charNode@@UEBADXZ 00000001800085f0 f i libvcruntime:undname.obj
 0001:000075f4       ?getLastChar@pDNameNode@@UEBADXZ 00000001800085f4 f i libvcruntime:undname.obj
 0001:00007620       ?getLastChar@pairNode@@UEBADXZ 0000000180008620 f i libvcruntime:undname.obj
 0001:00007658       ?getLastChar@pcharNode@@UEBADXZ 0000000180008658 f i libvcruntime:undname.obj
 0001:0000766c       ?getMemberAccess@UnDecorator@@AEAA?AVDName@@XZ 000000018000866c f   libvcruntime:undname.obj
 0001:00007718       ?getMemoryWithBuffer@_HeapManager@@QEAAPEAX_K@Z 0000000180008718 f   libvcruntime:undname.obj
 0001:000077a8       ?getNoexcept@UnDecorator@@AEAA?AVDName@@XZ 00000001800087a8 f   libvcruntime:undname.obj
 0001:0000781c       ?getNumberOfDimensions@UnDecorator@@AEAAHXZ 000000018000881c f   libvcruntime:undname.obj
 0001:00007888       ?getOperatorName@UnDecorator@@AEAA?AVDName@@_NPEA_N@Z 0000000180008888 f i libvcruntime:undname.obj
 0001:00008430       ?getPointerToMember@UnDecorator@@AEAA?AVDName@@XZ 0000000180009430 f   libvcruntime:undname.obj
 0001:00008540       ?getPrimaryDataType@UnDecorator@@AEAA?AVDName@@AEBV2@@Z 0000000180009540 f   libvcruntime:undname.obj
 0001:00008858       ?getPtrRefDataType@UnDecorator@@AEAA?AVDName@@AEBV2@H@Z 0000000180009858 f   libvcruntime:undname.obj
 0001:00008a58       ?getPtrRefType@UnDecorator@@AEAA?AVDName@@AEBV2@0W4IndirectionKind@@@Z 0000000180009a58 f   libvcruntime:undname.obj
 0001:00008bc4       ?getRestrictionSpec@UnDecorator@@AEAA?AVDName@@XZ 0000000180009bc4 f   libvcruntime:undname.obj
 0001:00008e24       ?getReturnType@UnDecorator@@AEAA?AVDName@@PEAV2@@Z 0000000180009e24 f   libvcruntime:undname.obj
 0001:00008e60       ?getScope@UnDecorator@@AEAA?AVDName@@XZ 0000000180009e60 f   libvcruntime:undname.obj
 0001:00009328       ?getScopedName@UnDecorator@@AEAA?AVDName@@XZ 000000018000a328 f   libvcruntime:undname.obj
 0001:0000949c       ?getSignedDimension@UnDecorator@@AEAA?AVDName@@XZ 000000018000a49c f   libvcruntime:undname.obj
 0001:00009520       ?getString@DNameStatusNode@@UEBAPEADPEAD0@Z 000000018000a520 f i libvcruntime:undname.obj
 0001:000095ac       ?getString@charNode@@UEBAPEADPEAD0@Z 000000018000a5ac f i libvcruntime:undname.obj
 0001:000095c0       ?getString@pDNameNode@@UEBAPEADPEAD0@Z 000000018000a5c0 f i libvcruntime:undname.obj
 0001:000095f0       ?getString@pairNode@@UEBAPEADPEAD0@Z 000000018000a5f0 f i libvcruntime:undname.obj
 0001:0000963c       ?getString@pcharNode@@UEBAPEADPEAD0@Z 000000018000a63c f i libvcruntime:undname.obj
 0001:00009678       ?getStringEncoding@UnDecorator@@AEAA?AVDName@@W4PrefixKind@@H@Z 000000018000a678 f   libvcruntime:undname.obj
 0001:000097a8       ?getStringObject@UnDecorator@@AEAA?AVDName@@XZ 000000018000a7a8 f   libvcruntime:undname.obj
 0001:00009850       ?getSymbolName@UnDecorator@@AEAA?AVDName@@XZ 000000018000a850 f i libvcruntime:undname.obj
 0001:000098a0       ?getTemplateArgumentList@UnDecorator@@AEAA?AVDName@@XZ 000000018000a8a0 f   libvcruntime:undname.obj
 0001:00009b04       ?getTemplateName@UnDecorator@@AEAA?AVDName@@_N@Z 000000018000ab04 f   libvcruntime:undname.obj
 0001:00009e1c       ?getTemplateNonTypeArgument@UnDecorator@@AEAA?AVDName@@XZ 000000018000ae1c f   libvcruntime:undname.obj
 0001:0000a2c0       ?getTemplateTypeArgument@UnDecorator@@AEAA?AVDName@@XZ 000000018000b2c0 f   libvcruntime:undname.obj
 0001:0000a43c       ?getThrowTypes@UnDecorator@@AEAA?AVDName@@XZ 000000018000b43c f   libvcruntime:undname.obj
 0001:0000a468       ?getTypeEncoding@UnDecorator@@AEAAHXZ 000000018000b468 f i libvcruntime:undname.obj
 0001:0000a834       ?getUndecoratedName@UnDecorator@@QEAAPEADPEADH@Z 000000018000b834 f i libvcruntime:undname.obj
 0001:0000a970       ?getUnionObject@UnDecorator@@AEAA?AVDName@@XZ 000000018000b970 f   libvcruntime:undname.obj
 0001:0000aa60       ?getVCallThunkType@UnDecorator@@AEAA?AVDName@@XZ 000000018000ba60 f i libvcruntime:undname.obj
 0001:0000aad4       ?getValue@UnDecorator@@AEAA?AV?$optional@_K@std@@XZ 000000018000bad4 f   libvcruntime:undname.obj
 0001:0000ab18       ?getValueObject@UnDecorator@@AEAA?AVDName@@XZ 000000018000bb18 f   libvcruntime:undname.obj
 0001:0000acb8       ?getVdispMapType@UnDecorator@@AEAA?AVDName@@AEBV2@@Z 000000018000bcb8 f i libvcruntime:undname.obj
 0001:0000ad50       ?getVfTableType@UnDecorator@@AEAA?AVDName@@AEBV2@@Z 000000018000bd50 f i libvcruntime:undname.obj
 0001:0000af8c       ?getZName@UnDecorator@@AEAA?AVDName@@_N0@Z 000000018000bf8c f   libvcruntime:undname.obj
 0001:0000b288       ?length@DNameStatusNode@@UEBAHXZ 000000018000c288 f i libvcruntime:undname.obj
 0001:0000b288       ?raw_length@DNameStatusNode@@UEBAHXZ 000000018000c288 f i libvcruntime:undname.obj
 0001:0000b28c       ?length@pDNameNode@@UEBAHXZ 000000018000c28c f i libvcruntime:undname.obj
 0001:0000b2b4       ?length@pairNode@@UEBAHXZ  000000018000c2b4 f i libvcruntime:undname.obj
 0001:0000b308       ?length@pcharNode@@UEBAHXZ 000000018000c308 f i libvcruntime:undname.obj
 0001:0000b308       ?raw_length@pcharNode@@UEBAHXZ 000000018000c308 f i libvcruntime:undname.obj
 0001:0000b30c       ?make@DNameStatusNode@@SAPEBV1@W4DNameStatus@@@Z 000000018000c30c f i libvcruntime:undname.obj
 0001:0000b32c       ?parseDecoratedName@UnDecorator@@AEAA?AVDName@@XZ 000000018000c32c f   libvcruntime:undname.obj
 0001:0000b460       ?raw_length@pDNameNode@@UEBAHXZ 000000018000c460 f i libvcruntime:undname.obj
 0001:0000b464       ?raw_length@pairNode@@UEBAHXZ 000000018000c464 f i libvcruntime:undname.obj
 0001:0000b4c0       __unDName                  000000018000c4c0 f   libvcruntime:undname.obj
 0001:0000b4ec       __unDNameEx                000000018000c4ec f   libvcruntime:undname.obj
 0001:0000b5c8       snprintf                   000000018000c5c8 f i libvcruntime:undname.obj
 0001:0000b624       sprintf_s                  000000018000c624 f i libvcruntime:undname.obj
 0001:0000b6b0       _NLG_Notify                000000018000c6b0 f   libvcruntime:notify.obj
 0001:0000b6d0       __NLG_Dispatch2            000000018000c6d0 f   libvcruntime:notify.obj
 0001:0000b6e0       __NLG_Return2              000000018000c6e0 f   libvcruntime:notify.obj
 0001:0000b6e4       __except_validate_context_record 000000018000c6e4 f   libvcruntime:jbcxrval.obj
 0001:0000b720       __vcrt_freefls             000000018000c720 f   libvcruntime:per_thread_data.obj
 0001:0000b740       __vcrt_freeptd_for_this_thread 000000018000c740 f   libvcruntime:per_thread_data.obj
 0001:0000b788       __vcrt_getptd              000000018000c788 f   libvcruntime:per_thread_data.obj
 0001:0000b7a4       __vcrt_getptd_noexit       000000018000c7a4 f   libvcruntime:per_thread_data.obj
 0001:0000b870       __vcrt_initialize_ptd      000000018000c870 f   libvcruntime:per_thread_data.obj
 0001:0000b8b8       __vcrt_uninitialize_ptd    000000018000c8b8 f   libvcruntime:per_thread_data.obj
 0001:0000b8e0       __vcrt_initialize_locks    000000018000c8e0 f   libvcruntime:locks.obj
 0001:0000b928       __vcrt_lock                000000018000c928 f   libvcruntime:locks.obj
 0001:0000b944       __vcrt_uninitialize_locks  000000018000c944 f   libvcruntime:locks.obj
 0001:0000b97c       __vcrt_unlock              000000018000c97c f   libvcruntime:locks.obj
 0001:0000b998       ??$_CallSETranslator@V__FrameHandler3@@@@YAHPEAUEHExceptionRecord@@PEA_KPEAU_CONTEXT@@PEAU_xDISPATCHER_CONTEXT@@PEBU_s_FuncInfo@@K1H@Z 000000018000c998 f i libvcruntime:risctrnsctrl.obj
 0001:0000b9ec       ??$_CallSETranslator@V__FrameHandler4@@@@YAHPEAUEHExceptionRecord@@PEA_KPEAU_CONTEXT@@PEAU_xDISPATCHER_CONTEXT@@PEAUFuncInfo4@FH4@@K1H@Z 000000018000c9ec f i libvcruntime:risctrnsctrl.obj
 0001:0000ba40       ?CatchTryBlock@__FrameHandler3@@SAPEBU_s_TryBlockMapEntry@@PEBU_s_FuncInfo@@H@Z 000000018000ca40 f   libvcruntime:risctrnsctrl.obj
 0001:0000baa4       ?DecompFuncInfo@FH4@@YA_JPEAEAEAUFuncInfo4@1@_KH_N@Z 000000018000caa4 f i libvcruntime:risctrnsctrl.obj
 0001:0000bbd0       ?ExecutionInCatch@__FrameHandler3@@SA_NPEAU_xDISPATCHER_CONTEXT@@PEBU_s_FuncInfo@@@Z 000000018000cbd0 f   libvcruntime:risctrnsctrl.obj
 0001:0000bbfc       ?ExecutionInCatch@__FrameHandler4@@SA_NPEAU_xDISPATCHER_CONTEXT@@PEAUFuncInfo4@FH4@@@Z 000000018000cbfc f   libvcruntime:risctrnsctrl.obj
 0001:0000bc04       ?FrameUnwindToEmptyState@__FrameHandler3@@SAXPEA_KPEAU_xDISPATCHER_CONTEXT@@PEBU_s_FuncInfo@@@Z 000000018000cc04 f   libvcruntime:risctrnsctrl.obj
 0001:0000bc68       ?FrameUnwindToEmptyState@__FrameHandler4@@SAXPEA_KPEAU_xDISPATCHER_CONTEXT@@PEAUFuncInfo4@FH4@@@Z 000000018000cc68 f   libvcruntime:risctrnsctrl.obj
 0001:0000bc9c       ?GetEstablisherFrame@__FrameHandler3@@SAPEA_KPEA_KPEAU_xDISPATCHER_CONTEXT@@PEBU_s_FuncInfo@@0@Z 000000018000cc9c f   libvcruntime:risctrnsctrl.obj
 0001:0000bd84       ?GetEstablisherFrame@__FrameHandler4@@SAPEA_KPEA_KPEAU_xDISPATCHER_CONTEXT@@PEAUFuncInfo4@FH4@@0@Z 000000018000cd84 f   libvcruntime:risctrnsctrl.obj
 0001:0000bda8       ?GetRangeOfTrysToCheck@__FrameHandler3@@SA?AU?$pair@Viterator@TryBlockMap@__FrameHandler3@@V123@@std@@AEAVTryBlockMap@1@HPEAU_xDISPATCHER_CONTEXT@@PEBU_s_FuncInfo@@H@Z 000000018000cda8 f   libvcruntime:risctrnsctrl.obj
 0001:0000bee0       ?GetRangeOfTrysToCheck@__FrameHandler4@@SA?AU?$pair@Viterator@TryBlockMap4@FH4@@V123@@std@@AEAVTryBlockMap4@FH4@@HPEAU_xDISPATCHER_CONTEXT@@PEAUFuncInfo4@5@H@Z 000000018000cee0 f   libvcruntime:risctrnsctrl.obj
 0001:0000c060       ?UnwindNestedFrames@__FrameHandler3@@SAXPEA_KPEAUEHExceptionRecord@@PEAU_CONTEXT@@0PEAXPEBU_s_FuncInfo@@HHPEBU_s_HandlerType@@PEAU_xDISPATCHER_CONTEXT@@E@Z 000000018000d060 f   libvcruntime:risctrnsctrl.obj
 0001:0000c164       ?UnwindNestedFrames@__FrameHandler4@@SAXPEA_KPEAUEHExceptionRecord@@PEAU_CONTEXT@@0PEAXPEAUFuncInfo4@FH4@@HHPEAUHandlerType4@5@PEAU_xDISPATCHER_CONTEXT@@E@Z 000000018000d164 f   libvcruntime:risctrnsctrl.obj
 0001:0000c284       ?setBuffer@TryBlockMap4@FH4@@QEAAXViterator@12@@Z 000000018000d284 f i libvcruntime:risctrnsctrl.obj
 0001:0000c470       _CreateFrameInfo           000000018000d470 f   libvcruntime:risctrnsctrl.obj
 0001:0000c4ac       _FindAndUnlinkFrame        000000018000d4ac f   libvcruntime:risctrnsctrl.obj
 0001:0000c500       _GetImageBase              000000018000d500 f   libvcruntime:risctrnsctrl.obj
 0001:0000c514       _GetThrowImageBase         000000018000d514 f   libvcruntime:risctrnsctrl.obj
 0001:0000c528       _SetImageBase              000000018000d528 f   libvcruntime:risctrnsctrl.obj
 0001:0000c540       _SetThrowImageBase         000000018000d540 f   libvcruntime:risctrnsctrl.obj
 0001:0000c558       __CxxFrameHandler3         000000018000d558 f   libvcruntime:risctrnsctrl.obj
 0001:0000c5e0       __CxxFrameHandler4         000000018000d5e0 f   libvcruntime:risctrnsctrl.obj
 0001:0000c7f8       __vcrt_FlsAlloc            000000018000d7f8 f   libvcruntime:winapi_downlevel.obj
 0001:0000c840       __vcrt_FlsFree             000000018000d840 f   libvcruntime:winapi_downlevel.obj
 0001:0000c888       __vcrt_FlsGetValue         000000018000d888 f   libvcruntime:winapi_downlevel.obj
 0001:0000c8d0       __vcrt_FlsSetValue         000000018000d8d0 f   libvcruntime:winapi_downlevel.obj
 0001:0000c924       __vcrt_InitializeCriticalSectionEx 000000018000d924 f   libvcruntime:winapi_downlevel.obj
 0001:0000c988       ?GetCurrentState@__FrameHandler3@@SAHPEA_KPEAU_xDISPATCHER_CONTEXT@@PEBU_s_FuncInfo@@@Z 000000018000d988 f   libvcruntime:ehstate.obj
 0001:0000c9b0       ?GetUnwindTryBlock@__FrameHandler3@@SAHPEA_KPEAU_xDISPATCHER_CONTEXT@@PEBU_s_FuncInfo@@@Z 000000018000d9b0 f   libvcruntime:ehstate.obj
 0001:0000c9dc       ?SetState@__FrameHandler3@@SAXPEA_KPEBU_s_FuncInfo@@H@Z 000000018000d9dc f   libvcruntime:ehstate.obj
 0001:0000c9e8       ?SetUnwindTryBlock@__FrameHandler3@@SAXPEA_KPEAU_xDISPATCHER_CONTEXT@@PEBU_s_FuncInfo@@H@Z 000000018000d9e8 f   libvcruntime:ehstate.obj
 0001:0000ca24       ?StateFromControlPc@__FrameHandler3@@SAHPEBU_s_FuncInfo@@PEAU_xDISPATCHER_CONTEXT@@@Z 000000018000da24 f   libvcruntime:ehstate.obj
 0001:0000ca2c       ?StateFromControlPc@__FrameHandler4@@SAHPEAUFuncInfo4@FH4@@PEAU_xDISPATCHER_CONTEXT@@@Z 000000018000da2c f   libvcruntime:ehstate.obj
 0001:0000ca34       ?StateFromIp@__FrameHandler3@@SAHPEBU_s_FuncInfo@@PEAU_xDISPATCHER_CONTEXT@@_K@Z 000000018000da34 f   libvcruntime:ehstate.obj
 0001:0000ca9c       ?StateFromIp@__FrameHandler4@@SAHPEAUFuncInfo4@FH4@@PEAU_xDISPATCHER_CONTEXT@@_K@Z 000000018000da9c f   libvcruntime:ehstate.obj
 0001:0000e240       ??$TypeMatchHelper@V__FrameHandler3@@@@YAHPEBU_s_HandlerType@@PEBU_s_CatchableType@@PEBU_s_ThrowInfo@@@Z 000000018000f240 f i libvcruntime:frame.obj
 0001:0000e360       ??$TypeMatchHelper@V__FrameHandler4@@@@YAHPEAUHandlerType4@FH4@@PEBU_s_CatchableType@@PEBU_s_ThrowInfo@@@Z 000000018000f360 f i libvcruntime:frame.obj
 0001:0000e4a0       ??$__InternalCxxFrameHandler@V__FrameHandler3@@@@YA?AW4_EXCEPTION_DISPOSITION@@PEAUEHExceptionRecord@@PEA_KPEAU_CONTEXT@@PEAU_xDISPATCHER_CONTEXT@@PEBU_s_FuncInfo@@H1E@Z 000000018000f4a0 f i libvcruntime:frame.obj
 0001:0000e6d0       ??$__InternalCxxFrameHandler@V__FrameHandler4@@@@YA?AW4_EXCEPTION_DISPOSITION@@PEAUEHExceptionRecord@@PEA_KPEAU_CONTEXT@@PEAU_xDISPATCHER_CONTEXT@@PEAUFuncInfo4@FH4@@H1E@Z 000000018000f6d0 f i libvcruntime:frame.obj
 0001:0000e978       ??$__InternalCxxFrameHandlerWrapper@V__FrameHandler3@@@@YA?AW4_EXCEPTION_DISPOSITION@@PEAUEHExceptionRecord@@PEA_KPEAU_CONTEXT@@PEAU_xDISPATCHER_CONTEXT@@PEBU_s_FuncInfo@@H1E@Z 000000018000f978 f i libvcruntime:frame.obj
 0001:0000e980       ??$__InternalCxxFrameHandlerWrapper@V__FrameHandler4@@@@YA?AW4_EXCEPTION_DISPOSITION@@PEAUEHExceptionRecord@@PEA_KPEAU_CONTEXT@@PEAU_xDISPATCHER_CONTEXT@@PEAUFuncInfo4@FH4@@H1E@Z 000000018000f980 f i libvcruntime:frame.obj
 0001:0000e9cc       ??0HandlerMap4@FH4@@QEAA@PEBUTryBlockMapEntry4@1@_KH@Z 000000018000f9cc f i libvcruntime:frame.obj
 0001:0000ea50       ??0TryBlockMap4@FH4@@QEAA@PEBUFuncInfo4@1@_K@Z 000000018000fa50 f i libvcruntime:frame.obj
 0001:0000eb34       ??0bad_exception@std@@QEAA@AEBV01@@Z 000000018000fb34 f i libvcruntime:frame.obj
 0001:0000eb70       ??0bad_exception@std@@QEAA@XZ 000000018000fb70 f i libvcruntime:frame.obj
 0001:0000eb94       ??0exception@std@@QEAA@AEBV01@@Z 000000018000fb94 f i libvcruntime:frame.obj
 0001:0000ebc8       ??1bad_exception@std@@UEAA@XZ 000000018000fbc8 f i libvcruntime:frame.obj
 0001:0000ebdc       ??_Ebad_exception@std@@UEAAPEAXI@Z 000000018000fbdc f i libvcruntime:frame.obj
 0001:0000ebdc       ??_Eexception@std@@UEAAPEAXI@Z 000000018000fbdc f i libvcruntime:frame.obj
 0001:0000ebdc       ??_Gbad_exception@std@@UEAAPEAXI@Z 000000018000fbdc f i libvcruntime:frame.obj
 0001:0000ebdc       ??_Gexception@std@@UEAAPEAXI@Z 000000018000fbdc f i libvcruntime:frame.obj
 0001:0000ec20       ?CxxCallCatchBlock@__FrameHandler3@@SAPEAXPEAU_EXCEPTION_RECORD@@@Z 000000018000fc20 f   libvcruntime:frame.obj
 0001:0000ee0c       ?CxxCallCatchBlock@__FrameHandler4@@SAPEAXPEAU_EXCEPTION_RECORD@@@Z 000000018000fe0c f   libvcruntime:frame.obj
 0001:0000f04c       ?DecompHandler@HandlerMap4@FH4@@AEAAXXZ 000000018001004c f i libvcruntime:frame.obj
 0001:0000f29c       ?FrameUnwindToState@__FrameHandler3@@SAXPEA_KPEAU_xDISPATCHER_CONTEXT@@PEBU_s_FuncInfo@@H@Z 000000018001029c f   libvcruntime:frame.obj
 0001:0000f428       ?FrameUnwindToState@__FrameHandler4@@SAXPEA_KPEAU_xDISPATCHER_CONTEXT@@PEAUFuncInfo4@FH4@@H@Z 0000000180010428 f   libvcruntime:frame.obj
 0001:0000f734       ?GetHandlerSearchState@__FrameHandler3@@SAHPEA_KPEAU_xDISPATCHER_CONTEXT@@PEBU_s_FuncInfo@@@Z 0000000180010734 f i libvcruntime:frame.obj
 0001:0000f93c       ?ReadEntry@UWMap4@FH4@@AEAAXPEAPEAE@Z 000000018001093c f i libvcruntime:frame.obj
 0001:0000f9dc       ?_CallMemberFunction1@@YAXQEAX00@Z 00000001800109dc f i libvcruntime:frame.obj
 0001:0000f9e8       ?_CallMemberFunction2@@YAXQEAX00H@Z 00000001800109e8 f i libvcruntime:frame.obj
 0001:0000f9f8       ?getStartStop@UWMap4@FH4@@QEAAXHHAEAViterator@12@0@Z 00000001800109f8 f i libvcruntime:frame.obj
 0001:0000fac8       ?getStateFromIterators@UWMap4@FH4@@SAHAEBViterator@12@H0H0@Z 0000000180010ac8 f i libvcruntime:frame.obj
 0001:0000fb78       ?what@exception@std@@UEBAPEBDXZ 0000000180010b78 f i libvcruntime:frame.obj
 0001:0000fbd0       _CallSettingFrame          0000000180010bd0 f   libvcruntime:handlers.obj
 0001:0000fc10       _CallSettingFrame_LookupContinuationIndex 0000000180010c10 f   libvcruntime:handlers.obj
 0001:0000fc40       _CallSettingFrame_NotifyContinuationAddr 0000000180010c40 f   libvcruntime:handlers.obj
 0001:0000fc70       _CallSettingFrameEncoded   0000000180010c70 f   libvcruntime:handlers.obj
 0001:0000fcb8       __std_exception_copy       0000000180010cb8 f   libvcruntime:std_exception.obj
 0001:0000fd38       __std_exception_destroy    0000000180010d38 f   libvcruntime:std_exception.obj
 0001:0000fd60       _CxxThrowException         0000000180010d60 f   libvcruntime:throw.obj
 0001:0000fe10       free                       0000000180010e10 f   libucrt:free.obj
 0001:0000fe18       _initterm                  0000000180010e18 f   libucrt:initterm.obj
 0001:0000fe50       _initterm_e                0000000180010e50 f   libucrt:initterm.obj
 0001:0000fe8c       _seh_filter_dll            0000000180010e8c f   libucrt:exception_filter.obj
 0001:0000fea0       _seh_filter_exe            0000000180010ea0 f   libucrt:exception_filter.obj
 0001:0001027c       __acrt_initialize_thread_local_exit_callback 000000018001127c f   libucrt:exit.obj
 0001:00010284       _cexit                     0000000180011284 f   libucrt:exit.obj
 0001:00010294       _exit                      0000000180011294 f   libucrt:exit.obj
 0001:000102a0       _is_c_termination_complete 00000001800112a0 f   libucrt:exit.obj
 0001:00010468       __acrt_allocate_buffer_for_argv 0000000180011468 f   libucrt:argv_parsing.obj
 0001:000104c8       _configure_narrow_argv     00000001800114c8 f   libucrt:argv_parsing.obj
 0001:0001084c       __dcrt_uninitialize_environments_nolock 000000018001184c f   libucrt:environment_initialization.obj
 0001:00010890       _initialize_narrow_environment 0000000180011890 f   libucrt:environment_initialization.obj
 0001:000109ec       _execute_onexit_table      00000001800119ec f   libucrt:onexit.obj
 0001:00010a30       _initialize_onexit_table   0000000180011a30 f   libucrt:onexit.obj
 0001:00010a90       __acrt_uninitialize_command_line 0000000180011a90 f   libucrt:argv_data.obj
 0001:00010b88       __acrt_initialize          0000000180011b88 f   libucrt:initialization.obj
 0001:00010b9c       __acrt_thread_attach       0000000180011b9c f   libucrt:initialization.obj
 0001:00010bb0       __acrt_thread_detach       0000000180011bb0 f   libucrt:initialization.obj
 0001:00010bc0       __acrt_uninitialize        0000000180011bc0 f   libucrt:initialization.obj
 0001:00010bf8       __acrt_uninitialize_critical 0000000180011bf8 f   libucrt:initialization.obj
 0001:00010c08       terminate                  0000000180011c08 f   libucrt:terminate.obj
 0001:00010c28       abort                      0000000180011c28 f   libucrt:abort.obj
 0001:00010c80       malloc                     0000000180011c80 f   libucrt:malloc.obj
 0001:00010c90       strcpy_s                   0000000180011c90 f   libucrt:strcpy_s.obj
 0001:00010ec0       ??$ensure_buffer_is_big_enough@D@formatting_buffer@__crt_stdio_output@@QEAA_N_KAEAV__crt_cached_ptd_host@@@Z 0000000180011ec0 f i libucrt:output.obj
 0001:00010f68       ??$parse_integer@KV?$c_string_character_source@D@__crt_strtox@@$0A@@__crt_strtox@@YAKAEAV__crt_cached_ptd_host@@V?$c_string_character_source@D@0@H_N@Z 0000000180011f68 f i libucrt:output.obj
 0001:0001121c       ??$type_case_integer@$07@?$output_processor@DV?$string_output_adapter@D@__crt_stdio_output@@V?$format_validation_base@DV?$string_output_adapter@D@__crt_stdio_output@@@2@@__crt_stdio_output@@AEAA_N_N@Z 000000018001221c f i libucrt:output.obj
 0001:0001121c       ??$type_case_integer@$07@?$output_processor@DV?$string_output_adapter@D@__crt_stdio_output@@V?$standard_base@DV?$string_output_adapter@D@__crt_stdio_output@@@2@@__crt_stdio_output@@AEAA_N_N@Z 000000018001221c f i libucrt:output.obj
 0001:00011420       ??$type_case_integer@$09@?$output_processor@DV?$string_output_adapter@D@__crt_stdio_output@@V?$format_validation_base@DV?$string_output_adapter@D@__crt_stdio_output@@@2@@__crt_stdio_output@@AEAA_N_N@Z 0000000180012420 f i libucrt:output.obj
 0001:00011420       ??$type_case_integer@$09@?$output_processor@DV?$string_output_adapter@D@__crt_stdio_output@@V?$standard_base@DV?$string_output_adapter@D@__crt_stdio_output@@@2@@__crt_stdio_output@@AEAA_N_N@Z 0000000180012420 f i libucrt:output.obj
 0001:00011624       ??$type_case_integer@$0BA@@?$output_processor@DV?$string_output_adapter@D@__crt_stdio_output@@V?$format_validation_base@DV?$string_output_adapter@D@__crt_stdio_output@@@2@@__crt_stdio_output@@AEAA_N_N@Z 0000000180012624 f i libucrt:output.obj
 0001:00011624       ??$type_case_integer@$0BA@@?$output_processor@DV?$string_output_adapter@D@__crt_stdio_output@@V?$standard_base@DV?$string_output_adapter@D@__crt_stdio_output@@@2@@__crt_stdio_output@@AEAA_N_N@Z 0000000180012624 f i libucrt:output.obj
 0001:00011828       ??$type_case_integer_parse_into_buffer@I$07@?$output_processor@DV?$string_output_adapter@D@__crt_stdio_output@@V?$format_validation_base@DV?$string_output_adapter@D@__crt_stdio_output@@@2@@__crt_stdio_output@@AEAAXI_N@Z 0000000180012828 f i libucrt:output.obj
 0001:00011828       ??$type_case_integer_parse_into_buffer@I$07@?$output_processor@DV?$string_output_adapter@D@__crt_stdio_output@@V?$standard_base@DV?$string_output_adapter@D@__crt_stdio_output@@@2@@__crt_stdio_output@@AEAAXI_N@Z 0000000180012828 f i libucrt:output.obj
 0001:00011898       ??$type_case_integer_parse_into_buffer@I$09@?$output_processor@DV?$string_output_adapter@D@__crt_stdio_output@@V?$format_validation_base@DV?$string_output_adapter@D@__crt_stdio_output@@@2@@__crt_stdio_output@@AEAAXI_N@Z 0000000180012898 f i libucrt:output.obj
 0001:00011898       ??$type_case_integer_parse_into_buffer@I$09@?$output_processor@DV?$string_output_adapter@D@__crt_stdio_output@@V?$standard_base@DV?$string_output_adapter@D@__crt_stdio_output@@@2@@__crt_stdio_output@@AEAAXI_N@Z 0000000180012898 f i libucrt:output.obj
 0001:00011944       ??$type_case_integer_parse_into_buffer@I$0BA@@?$output_processor@DV?$string_output_adapter@D@__crt_stdio_output@@V?$format_validation_base@DV?$string_output_adapter@D@__crt_stdio_output@@@2@@__crt_stdio_output@@AEAAXI_N@Z 0000000180012944 f i libucrt:output.obj
 0001:00011944       ??$type_case_integer_parse_into_buffer@I$0BA@@?$output_processor@DV?$string_output_adapter@D@__crt_stdio_output@@V?$standard_base@DV?$string_output_adapter@D@__crt_stdio_output@@@2@@__crt_stdio_output@@AEAAXI_N@Z 0000000180012944 f i libucrt:output.obj
 0001:000119c8       ??$type_case_integer_parse_into_buffer@_K$07@?$output_processor@DV?$string_output_adapter@D@__crt_stdio_output@@V?$format_validation_base@DV?$string_output_adapter@D@__crt_stdio_output@@@2@@__crt_stdio_output@@AEAAX_K_N@Z 00000001800129c8 f i libucrt:output.obj
 0001:000119c8       ??$type_case_integer_parse_into_buffer@_K$07@?$output_processor@DV?$string_output_adapter@D@__crt_stdio_output@@V?$standard_base@DV?$string_output_adapter@D@__crt_stdio_output@@@2@@__crt_stdio_output@@AEAAX_K_N@Z 00000001800129c8 f i libucrt:output.obj
 0001:00011a38       ??$type_case_integer_parse_into_buffer@_K$09@?$output_processor@DV?$string_output_adapter@D@__crt_stdio_output@@V?$format_validation_base@DV?$string_output_adapter@D@__crt_stdio_output@@@2@@__crt_stdio_output@@AEAAX_K_N@Z 0000000180012a38 f i libucrt:output.obj
 0001:00011a38       ??$type_case_integer_parse_into_buffer@_K$09@?$output_processor@DV?$string_output_adapter@D@__crt_stdio_output@@V?$standard_base@DV?$string_output_adapter@D@__crt_stdio_output@@@2@@__crt_stdio_output@@AEAAX_K_N@Z 0000000180012a38 f i libucrt:output.obj
 0001:00011ae8       ??$type_case_integer_parse_into_buffer@_K$0BA@@?$output_processor@DV?$string_output_adapter@D@__crt_stdio_output@@V?$format_validation_base@DV?$string_output_adapter@D@__crt_stdio_output@@@2@@__crt_stdio_output@@AEAAX_K_N@Z 0000000180012ae8 f i libucrt:output.obj
 0001:00011ae8       ??$type_case_integer_parse_into_buffer@_K$0BA@@?$output_processor@DV?$string_output_adapter@D@__crt_stdio_output@@V?$standard_base@DV?$string_output_adapter@D@__crt_stdio_output@@@2@@__crt_stdio_output@@AEAAX_K_N@Z 0000000180012ae8 f i libucrt:output.obj
 0001:00011b6c       ?crop_zeroes@__crt_stdio_output@@YAXPEADQEAU__crt_locale_pointers@@@Z 0000000180012b6c f i libucrt:output.obj
 0001:00011be0       ?get_raw_ptd@__crt_cached_ptd_host@@QEAAPEAU__acrt_ptd@@XZ 0000000180012be0 f i libucrt:output.obj
 0001:00011c48       ?parse_int_from_format_string@?$output_processor@DV?$string_output_adapter@D@__crt_stdio_output@@V?$format_validation_base@DV?$string_output_adapter@D@__crt_stdio_output@@@2@@__crt_stdio_output@@AEAA_NQEAH@Z 0000000180012c48 f i libucrt:output.obj
 0001:00011c48       ?parse_int_from_format_string@?$output_processor@DV?$string_output_adapter@D@__crt_stdio_output@@V?$standard_base@DV?$string_output_adapter@D@__crt_stdio_output@@@2@@__crt_stdio_output@@AEAA_NQEAH@Z 0000000180012c48 f i libucrt:output.obj
 0001:00011cd8       ?process@?$output_processor@DV?$string_output_adapter@D@__crt_stdio_output@@V?$format_validation_base@DV?$string_output_adapter@D@__crt_stdio_output@@@2@@__crt_stdio_output@@QEAAHXZ 0000000180012cd8 f i libucrt:output.obj
 0001:00012040       ?process@?$output_processor@DV?$string_output_adapter@D@__crt_stdio_output@@V?$standard_base@DV?$string_output_adapter@D@__crt_stdio_output@@@2@@__crt_stdio_output@@QEAAHXZ 0000000180013040 f i libucrt:output.obj
 0001:000123b0       ?state_case_size@?$output_processor@DV?$string_output_adapter@D@__crt_stdio_output@@V?$format_validation_base@DV?$string_output_adapter@D@__crt_stdio_output@@@2@@__crt_stdio_output@@AEAA_NXZ 00000001800133b0 f i libucrt:output.obj
 0001:000123b0       ?state_case_size@?$output_processor@DV?$string_output_adapter@D@__crt_stdio_output@@V?$standard_base@DV?$string_output_adapter@D@__crt_stdio_output@@@2@@__crt_stdio_output@@AEAA_NXZ 00000001800133b0 f i libucrt:output.obj
 0001:00012538       ?state_case_type@?$output_processor@DV?$string_output_adapter@D@__crt_stdio_output@@V?$format_validation_base@DV?$string_output_adapter@D@__crt_stdio_output@@@2@@__crt_stdio_output@@AEAA_NXZ 0000000180013538 f i libucrt:output.obj
 0001:00012538       ?state_case_type@?$output_processor@DV?$string_output_adapter@D@__crt_stdio_output@@V?$standard_base@DV?$string_output_adapter@D@__crt_stdio_output@@@2@@__crt_stdio_output@@AEAA_NXZ 0000000180013538 f i libucrt:output.obj
 0001:000129a8       ?type_case_Z@?$output_processor@DV?$string_output_adapter@D@__crt_stdio_output@@V?$format_validation_base@DV?$string_output_adapter@D@__crt_stdio_output@@@2@@__crt_stdio_output@@AEAA_NXZ 00000001800139a8 f i libucrt:output.obj
 0001:000129a8       ?type_case_Z@?$output_processor@DV?$string_output_adapter@D@__crt_stdio_output@@V?$standard_base@DV?$string_output_adapter@D@__crt_stdio_output@@@2@@__crt_stdio_output@@AEAA_NXZ 00000001800139a8 f i libucrt:output.obj
 0001:00012a24       ?type_case_a@?$output_processor@DV?$string_output_adapter@D@__crt_stdio_output@@V?$format_validation_base@DV?$string_output_adapter@D@__crt_stdio_output@@@2@@__crt_stdio_output@@AEAA_NXZ 0000000180013a24 f i libucrt:output.obj
 0001:00012a24       ?type_case_a@?$output_processor@DV?$string_output_adapter@D@__crt_stdio_output@@V?$standard_base@DV?$string_output_adapter@D@__crt_stdio_output@@@2@@__crt_stdio_output@@AEAA_NXZ 0000000180013a24 f i libucrt:output.obj
 0001:00012c80       ?type_case_c_tchar@?$output_processor@DV?$string_output_adapter@D@__crt_stdio_output@@V?$format_validation_base@DV?$string_output_adapter@D@__crt_stdio_output@@@2@@__crt_stdio_output@@AEAA_ND@Z 0000000180013c80 f i libucrt:output.obj
 0001:00012c80       ?type_case_c_tchar@?$output_processor@DV?$string_output_adapter@D@__crt_stdio_output@@V?$standard_base@DV?$string_output_adapter@D@__crt_stdio_output@@@2@@__crt_stdio_output@@AEAA_ND@Z 0000000180013c80 f i libucrt:output.obj
 0001:00012d54       ?type_case_n@?$output_processor@DV?$string_output_adapter@D@__crt_stdio_output@@V?$format_validation_base@DV?$string_output_adapter@D@__crt_stdio_output@@@2@@__crt_stdio_output@@AEAA_NXZ 0000000180013d54 f i libucrt:output.obj
 0001:00012d54       ?type_case_n@?$output_processor@DV?$string_output_adapter@D@__crt_stdio_output@@V?$standard_base@DV?$string_output_adapter@D@__crt_stdio_output@@@2@@__crt_stdio_output@@AEAA_NXZ 0000000180013d54 f i libucrt:output.obj
 0001:00012e0c       ?type_case_s@?$output_processor@DV?$string_output_adapter@D@__crt_stdio_output@@V?$format_validation_base@DV?$string_output_adapter@D@__crt_stdio_output@@@2@@__crt_stdio_output@@AEAA_NXZ 0000000180013e0c f i libucrt:output.obj
 0001:00012e0c       ?type_case_s@?$output_processor@DV?$string_output_adapter@D@__crt_stdio_output@@V?$standard_base@DV?$string_output_adapter@D@__crt_stdio_output@@@2@@__crt_stdio_output@@AEAA_NXZ 0000000180013e0c f i libucrt:output.obj
 0001:00012eb0       ?update_locale_slow@__crt_cached_ptd_host@@AEAAXXZ 0000000180013eb0 f i libucrt:output.obj
 0001:00012f28       ?write_string@?$string_output_adapter@D@__crt_stdio_output@@QEBAXQEBDHQEAHAEAV__crt_cached_ptd_host@@@Z 0000000180013f28 f i libucrt:output.obj
 0001:00012fcc       __stdio_common_vsprintf    0000000180013fcc f   libucrt:output.obj
 0001:00013220       __stdio_common_vsprintf_s  0000000180014220 f   libucrt:output.obj
 0001:00013334       ??$parse_integer@KV?$c_string_character_source@D@__crt_strtox@@$00@__crt_strtox@@YAKAEAV__crt_cached_ptd_host@@V?$c_string_character_source@D@0@H_N@Z 0000000180014334 f i libucrt:atox.obj
 0001:00013610       _ischartype_l              0000000180014610 f i libucrt:atox.obj
 0001:00013688       atol                       0000000180014688 f   libucrt:atox.obj
 0001:00013740       calloc                     0000000180014740 f   libucrt:calloc.obj
 0001:00013750       wcsncmp                    0000000180014750 f   libucrt:wcsncmp.obj
 0001:00013790       _free_base                 0000000180014790 f   libucrt:free_base.obj
 0001:00013b00       ?internal_get_ptd_head_slow@@YAPEAU__acrt_ptd@@XZ 0000000180014b00 f   libucrt:per_thread_data.obj
 0001:00013c20       __acrt_freeptd             0000000180014c20 f   libucrt:per_thread_data.obj
 0001:00013c70       __acrt_getptd              0000000180014c70 f   libucrt:per_thread_data.obj
 0001:00013c8c       __acrt_getptd_head         0000000180014c8c f   libucrt:per_thread_data.obj
 0001:00013cd0       __acrt_getptd_noexit       0000000180014cd0 f   libucrt:per_thread_data.obj
 0001:00013d60       __acrt_getptd_noexit_explicit 0000000180014d60 f   libucrt:per_thread_data.obj
 0001:00013dbc       __acrt_initialize_ptd      0000000180014dbc f   libucrt:per_thread_data.obj
 0001:00013e00       __acrt_uninitialize_ptd    0000000180014e00 f   libucrt:per_thread_data.obj
 0001:00013e24       __acrt_initialize_locks    0000000180014e24 f   libucrt:locks.obj
 0001:00013e6c       __acrt_lock                0000000180014e6c f   libucrt:locks.obj
 0001:00013e88       __acrt_uninitialize_locks  0000000180014e88 f   libucrt:locks.obj
 0001:00013ec0       __acrt_unlock              0000000180014ec0 f   libucrt:locks.obj
 0001:00013edc       __acrt_app_verifier_enabled 0000000180014edc f   libucrt:peb_access.obj
 0001:00013ef8       __acrt_is_secure_process   0000000180014ef8 f   libucrt:peb_access.obj
 0001:00013f10       __acrt_get_process_end_policy 0000000180014f10 f   libucrt:win_policies.obj
 0001:00013f40       ?get_raw_ptd_noexit@__crt_cached_ptd_host@@QEAAPEAU__acrt_ptd@@XZ 0000000180014f40 f i libucrt:invalid_parameter.obj
 0001:00013fac       ?value@?$dual_state_global@P6AXPEB_W00I_K@Z@__crt_state_management@@QEAAAEAP6AXPEB_W00I_K@ZAEAV__crt_cached_ptd_host@@@Z 0000000180014fac f i libucrt:invalid_parameter.obj
 0001:00013ff8       __acrt_call_reportfault    0000000180014ff8 f   libucrt:invalid_parameter.obj
 0001:00014168       __acrt_initialize_invalid_parameter_handler 0000000180015168 f   libucrt:invalid_parameter.obj
 0001:00014170       _invalid_parameter         0000000180015170 f   libucrt:invalid_parameter.obj
 0001:0001420c       _invalid_parameter_internal 000000018001520c f   libucrt:invalid_parameter.obj
 0001:000142c4       _invalid_parameter_noinfo  00000001800152c4 f   libucrt:invalid_parameter.obj
 0001:000142e4       _invoke_watson             00000001800152e4 f   libucrt:invalid_parameter.obj
 0001:0001432c       __acrt_errno_from_os_error 000000018001532c f   libucrt:errno.obj
 0001:000143fc       __acrt_errno_map_os_error  00000001800153fc f   libucrt:errno.obj
 0001:00014424       __acrt_errno_map_os_error_ptd 0000000180015424 f   libucrt:errno.obj
 0001:00014448       __doserrno                 0000000180015448 f   libucrt:errno.obj
 0001:0001446c       _errno                     000000018001546c f   libucrt:errno.obj
 0001:00014490       _calloc_base               0000000180015490 f   libucrt:calloc_base.obj
 0001:0001451c       ??$__acrt_convert_wcs_mbs_cp@D_WV<lambda_7c9dea7b4ca7285d2cdb541a38da6275>@@U__crt_win32_buffer_internal_dynamic_resizing@@@@YAHQEBDAEAV?$__crt_win32_buffer@_WU__crt_win32_buffer_internal_dynamic_resizing@@@@AEBV<lambda_7c9dea7b4ca7285d2cdb541a38da6275>@@I@Z 000000018001551c f i libucrt:argv_wildcards.obj
 0001:000146bc       ??$__acrt_convert_wcs_mbs_cp@_WDV<lambda_d8593a27d1aa8c02be35c86a17d324c4>@@U__crt_win32_buffer_internal_dynamic_resizing@@@@YAHQEB_WAEAV?$__crt_win32_buffer@DU__crt_win32_buffer_internal_dynamic_resizing@@@@AEBV<lambda_d8593a27d1aa8c02be35c86a17d324c4>@@I@Z 00000001800156bc f i libucrt:argv_wildcards.obj
 0001:00014f88       ??0_LocaleUpdate@@QEAA@QEAU__crt_locale_pointers@@@Z 0000000180015f88 f i libucrt:argv_wildcards.obj
 0001:00015024       __acrt_expand_narrow_argv_wildcards 0000000180016024 f   libucrt:argv_wildcards.obj
 0001:0001502c       ??$__acrt_convert_wcs_mbs_cp@_WDV<lambda_f788ae46380686e8b737efdd8c720d07>@@U__crt_win32_buffer_no_resizing@@@@YAHQEB_WAEAV?$__crt_win32_buffer@DU__crt_win32_buffer_no_resizing@@@@AEBV<lambda_f788ae46380686e8b737efdd8c720d07>@@I@Z 000000018001602c f i libucrt:getmodulefilenamea.obj
 0001:00015148       __acrt_GetModuleFileNameA  0000000180016148 f   libucrt:getmodulefilenamea.obj
 0001:00015a74       __acrt_initialize_multibyte 0000000180016a74 f   libucrt:mbctype.obj
 0001:00015ad4       __acrt_update_thread_multibyte_data 0000000180016ad4 f   libucrt:mbctype.obj
 0001:00015af0       _setmbcp_nolock            0000000180016af0 f   libucrt:mbctype.obj
 0001:00015e2c       _ismbblead                 0000000180016e2c f   libucrt:ismbbyte.obj
 0001:00015e40       __acrt_initialize_command_line 0000000180016e40 f   libucrt:argv_data.obj
 0001:00015e68       __acrt_MultiByteToWideChar 0000000180016e68 f   libucrt:multibytetowidechar.obj
 0001:00015ef8       __acrt_WideCharToMultiByte 0000000180016ef8 f   libucrt:widechartomultibyte.obj
 0001:00015fd8       __dcrt_get_narrow_environment_from_os 0000000180016fd8 f   libucrt:get_environment_from_os.obj
 0001:000160f0       _recalloc_base             00000001800170f0 f   libucrt:recalloc.obj
 0001:00016190       _recalloc                  0000000180017190 f   libucrt:recalloc.obj
 0001:0001634c       __acrt_AppPolicyGetProcessTerminationMethodInternal 000000018001734c f   libucrt:winapi_thunks.obj
 0001:000163a8       __acrt_AreFileApisANSI     00000001800173a8 f   libucrt:winapi_thunks.obj
 0001:000163f4       __acrt_FlsAlloc            00000001800173f4 f   libucrt:winapi_thunks.obj
 0001:000163fc       __acrt_FlsFree             00000001800173fc f   libucrt:winapi_thunks.obj
 0001:00016404       __acrt_FlsGetValue         0000000180017404 f   libucrt:winapi_thunks.obj
 0001:0001640c       __acrt_FlsGetValue2        000000018001740c f   libucrt:winapi_thunks.obj
 0001:00016418       __acrt_FlsSetValue         0000000180017418 f   libucrt:winapi_thunks.obj
 0001:00016420       __acrt_InitializeCriticalSectionEx 0000000180017420 f   libucrt:winapi_thunks.obj
 0001:00016428       __acrt_LCMapStringEx       0000000180017428 f   libucrt:winapi_thunks.obj
 0001:0001651c       __acrt_LocaleNameToLCID    000000018001751c f   libucrt:winapi_thunks.obj
 0001:00016580       __acrt_initialize_winapi_thunks 0000000180017580 f   libucrt:winapi_thunks.obj
 0001:000165b0       __acrt_tls2_supported      00000001800175b0 f   libucrt:winapi_thunks.obj
 0001:000165f4       __acrt_uninitialize_winapi_thunks 00000001800175f4 f   libucrt:winapi_thunks.obj
 0001:00016640       _get_heap_handle           0000000180017640 f   libucrt:heap_handle.obj
 0001:00016650       __acrt_initialize_heap     0000000180017650 f   libucrt:heap_handle.obj
 0001:00016680       __acrt_uninitialize_heap   0000000180017680 f   libucrt:heap_handle.obj
 0001:000166a0       __acrt_getheap             00000001800176a0 f   libucrt:heap_handle.obj
 0001:000168b0       __acrt_initialize_lowio    00000001800178b0 f   libucrt:ioinit.obj
 0001:000168ec       __acrt_uninitialize_lowio  00000001800178ec f   libucrt:ioinit.obj
 0001:0001692c       __acrt_execute_initializers 000000018001792c f   libucrt:shared_initialization.obj
 0001:000169ac       __acrt_execute_uninitializers 00000001800179ac f   libucrt:shared_initialization.obj
 0001:000169f0       _callnewh                  00000001800179f0 f   libucrt:new_handler.obj
 0001:00016a30       __acrt_initialize_new_handler 0000000180017a30 f   libucrt:new_handler.obj
 0001:00016a40       _query_new_handler         0000000180017a40 f   libucrt:new_handler.obj
 0001:00016a80       _set_new_handler           0000000180017a80 f   libucrt:new_handler.obj
 0001:00016ae0       ?_set_new_handler@@YAP6AH_K@ZH@Z 0000000180017ae0 f   libucrt:new_handler.obj
 0001:00016b34       __acrt_get_sigabrt_handler 0000000180017b34 f   libucrt:signal.obj
 0001:00016b64       __acrt_initialize_signal_handlers 0000000180017b64 f   libucrt:signal.obj
 0001:00016b84       raise                      0000000180017b84 f   libucrt:signal.obj
 0001:00016de0       __acrt_has_user_matherr    0000000180017de0 f   libucrt:matherr.obj
 0001:00016e00       __acrt_initialize_user_matherr 0000000180017e00 f   libucrt:matherr.obj
 0001:00016e10       __acrt_invoke_user_matherr 0000000180017e10 f   libucrt:matherr.obj
 0001:00017020       __acrt_stdio_flush_nolock  0000000180018020 f   libucrt:fflush.obj
 0001:000170ac       _fflush_nolock             00000001800180ac f   libucrt:fflush.obj
 0001:00017180       _flushall                  0000000180018180 f   libucrt:fflush.obj
 0001:00017188       __acrt_initialize_stdio    0000000180018188 f   libucrt:_file.obj
 0001:000172a8       __acrt_uninitialize_stdio  00000001800182a8 f   libucrt:_file.obj
 0001:00017304       _lock_file                 0000000180018304 f   libucrt:_file.obj
 0001:00017310       _unlock_file               0000000180018310 f   libucrt:_file.obj
 0001:00017320       _malloc_base               0000000180018320 f   libucrt:malloc_base.obj
 0001:00017380       strnlen                    0000000180018380 f   libucrt:strnlen.obj
 0001:00017510       wcsnlen                    0000000180018510 f   libucrt:strnlen.obj
 0001:00017718       __acrt_update_locale_info  0000000180018718 f   libucrt:locale_update.obj
 0001:0001774c       __acrt_update_locale_info_explicit 000000018001874c f   libucrt:locale_update.obj
 0001:00017784       __acrt_update_multibyte_info 0000000180018784 f   libucrt:locale_update.obj
 0001:000177b8       __acrt_update_multibyte_info_explicit 00000001800187b8 f   libucrt:locale_update.obj
 0001:00018300       __acrt_fp_format           0000000180019300 f   libucrt:cvt.obj
 0001:000185e8       _wctomb_internal           00000001800195e8 f   libucrt:wctomb.obj
 0001:00018798       _mbtowc_internal           0000000180019798 f   libucrt:mbtowc.obj
 0001:00018910       ?__mblen_utf8@__crt_mbstring@@YAHPEBD@Z 0000000180019910 f   libucrt:mbrtoc32.obj
 0001:00018948       ?__mbrtoc32_utf8@__crt_mbstring@@YA_KPEA_UPEBD_KPEAU_Mbstatet@@AEAV__crt_cached_ptd_host@@@Z 0000000180019948 f   libucrt:mbrtoc32.obj
 0001:00018b08       ?__c16rtomb_utf8@__crt_mbstring@@YA_KPEAD_SPEAU_Mbstatet@@AEAV__crt_cached_ptd_host@@@Z 0000000180019b08 f   libucrt:c16rtomb.obj
 0001:00018bac       ?__mbrtowc_utf8@__crt_mbstring@@YA_KPEA_WPEBD_KPEAU_Mbstatet@@AEAV__crt_cached_ptd_host@@@Z 0000000180019bac f   libucrt:mbrtowc.obj
 0001:00018bf4       ?__mbsrtowcs_utf8@__crt_mbstring@@YA_KPEA_WPEAPEBD_KPEAU_Mbstatet@@AEAV__crt_cached_ptd_host@@@Z 0000000180019bf4 f   libucrt:mbrtowc.obj
 0001:00018dac       _fileno                    0000000180019dac f   libucrt:fileno.obj
 0001:00018dd4       _get_printf_count_output   0000000180019dd4 f   libucrt:printf_count_output.obj
 0001:00018e5c       __acrt_set_locale_changed  0000000180019e5c f   libucrt:wsetlocale.obj
 0001:00018e68       __acrt_uninitialize_locale 0000000180019e68 f   libucrt:wsetlocale.obj
 0001:00018e98       __pctype_func              0000000180019e98 f   libucrt:ctype.obj
 0001:00018ec8       _isctype_l                 0000000180019ec8 f   libucrt:isctype.obj
 0001:00018fd0       __acrt_add_locale_ref      0000000180019fd0 f   libucrt:locale_refcounting.obj
 0001:0001905c       __acrt_free_locale         000000018001a05c f   libucrt:locale_refcounting.obj
 0001:000191d4       __acrt_locale_add_lc_time_reference 000000018001a1d4 f   libucrt:locale_refcounting.obj
 0001:000191fc       __acrt_locale_free_lc_time_if_unreferenced 000000018001a1fc f   libucrt:locale_refcounting.obj
 0001:00019234       __acrt_locale_release_lc_time_reference 000000018001a234 f   libucrt:locale_refcounting.obj
 0001:0001925c       __acrt_release_locale_ref  000000018001a25c f   libucrt:locale_refcounting.obj
 0001:00019304       __acrt_update_thread_locale_data 000000018001a304 f   libucrt:locale_refcounting.obj
 0001:00019374       _updatetlocinfoEx_nolock   000000018001a374 f   libucrt:locale_refcounting.obj
 0001:000193e0       _query_new_mode            000000018001a3e0 f   libucrt:new_mode.obj
 0001:000193f0       _set_new_mode              000000018001a3f0 f   libucrt:new_mode.obj
 0001:00019420       qsort                      000000018001a420 f   libucrt:qsort.obj
 0001:000197c0       strncpy_s                  000000018001a7c0 f   libucrt:strncpy_s.obj
 0001:00019990       strpbrk                    000000018001a990 f   libucrt:strpbrk.obj
 0001:00019d48       _mbsdec                    000000018001ad48 f   libucrt:mbsdec.obj
 0001:00019d50       _mbsdec_l                  000000018001ad50 f   libucrt:mbsdec.obj
 0001:00019de4       __acrt_GetStringTypeA      000000018001ade4 f   libucrt:getstringtypea.obj
 0001:0001a2a8       __acrt_LCMapStringA        000000018001b2a8 f   libucrt:lcmapstringa.obj
 0001:0001a360       _msize_base                000000018001b360 f   libucrt:msize.obj
 0001:0001a3a0       _msize                     000000018001b3a0 f   libucrt:msize.obj
 0001:0001a3b0       _realloc_base              000000018001b3b0 f   libucrt:realloc_base.obj
 0001:0001a42c       __acrt_DownlevelLocaleNameToLCID 000000018001b42c f   libucrt:lcidtoname_downlevel.obj
 0001:0001a4d4       __acrt_lowio_create_handle_array 000000018001b4d4 f   libucrt:osfinfo.obj
 0001:0001a57c       __acrt_lowio_destroy_handle_array 000000018001b57c f   libucrt:osfinfo.obj
 0001:0001a5cc       __acrt_lowio_ensure_fh_exists 000000018001b5cc f   libucrt:osfinfo.obj
 0001:0001a674       __acrt_lowio_lock_fh       000000018001b674 f   libucrt:osfinfo.obj
 0001:0001a69c       __acrt_lowio_unlock_fh     000000018001b69c f   libucrt:osfinfo.obj
 0001:0001a6c4       _free_osfhnd               000000018001b6c4 f   libucrt:osfinfo.obj
 0001:0001a780       _get_osfhandle             000000018001b780 f   libucrt:osfinfo.obj
 0001:0001a884       _commit                    000000018001b884 f   libucrt:commit.obj
 0001:0001b144       _write_internal            000000018001c144 f   libucrt:write.obj
 0001:0001b264       _write_nolock              000000018001c264 f   libucrt:write.obj
 0001:0001b594       _fcloseall                 000000018001c594 f   libucrt:closeall.obj
 0001:0001b648       __acrt_stdio_free_buffer_nolock 000000018001c648 f   libucrt:_freebuf.obj
 0001:0001b68c       _isatty                    000000018001c68c f   libucrt:isatty.obj
 0001:0001b7bc       __acrt_fp_strflt_to_string 000000018001c7bc f   libucrt:_fptostr.obj
 0001:0001b8d0       ?divide@__crt_strtox@@YA_KAEAUbig_integer@1@AEBU21@@Z 000000018001c8d0 f i libucrt:cfout.obj
 0001:0001bd5c       __acrt_fltout              000000018001cd5c f   libucrt:cfout.obj
 0001:0001d070       fegetround                 000000018001e070 f   libucrt:fegetround.obj
 0001:0001d084       ?__c32rtomb_utf8@__crt_mbstring@@YA_KPEAD_UPEAU_Mbstatet@@AEAV__crt_cached_ptd_host@@@Z 000000018001e084 f   libucrt:c32rtomb.obj
 0001:0001d128       ?reset_and_return@__crt_mbstring@@YA_K_KPEAU_Mbstatet@@@Z 000000018001e128 f   libucrt:common_utf8.obj
 0001:0001d130       ?return_illegal_sequence@__crt_mbstring@@YA_KPEAU_Mbstatet@@AEAV__crt_cached_ptd_host@@@Z 000000018001e130 f   libucrt:common_utf8.obj
 0001:0001d144       __acrt_locale_free_monetary 000000018001e144 f   libucrt:initmon.obj
 0001:0001d250       __acrt_locale_free_numeric 000000018001e250 f   libucrt:initnum.obj
 0001:0001d2f0       __acrt_locale_free_time    000000018001e2f0 f   libucrt:inittime.obj
 0001:0001d3f8       _guard_check_icall         000000018001e3f8 f i libucrt:checkcfg.obj
 0001:0001d410       __strncnt                  000000018001e410 f   libucrt:strncnt.obj
 0001:0001d430       __ascii_wcsnicmp           000000018001e430 f   libucrt:wcsnicmp.obj
 0001:0001d498       _query_app_type            000000018001e498 f   libucrt:report_runtime_error.obj
 0001:0001d550       _lseeki64_nolock_internal  000000018001e550 f   libucrt:lseek.obj
 0001:0001d558       _putwch_nolock             000000018001e558 f   libucrt:putwch.obj
 0001:0001d6bc       fclose                     000000018001e6bc f   libucrt:fclose.obj
 0001:0001d760       _controlfp_s               000000018001e760 f   libucrt:contrlfp.obj
 0001:0001d7d0       fegetenv                   000000018001e7d0 f   libucrt:fegetenv.obj
 0001:0001d7f0       fesetenv                   000000018001e7f0 f   libucrt:fesetenv.obj
 0001:0001d860       feholdexcept               000000018001e860 f   libucrt:feholdexcept.obj
 0001:0001d8c0       ceil                       000000018001e8c0 f   libucrt:ceil.obj
 0001:0001d990       log10                      000000018001e990 f   libucrt:log10.obj
 0001:0001df40       __acrt_fenv_get_common_round_control 000000018001ef40 f   libucrt:_fenvutils.obj
 0001:0001df50       __acrt_fenv_get_control    000000018001ef50 f   libucrt:_fenvutils.obj
 0001:0001e030       __acrt_fenv_get_status     000000018001f030 f   libucrt:_fenvutils.obj
 0001:0001e090       __acrt_fenv_set_control    000000018001f090 f   libucrt:_fenvutils.obj
 0001:0001e1c0       __acrt_fenv_set_status     000000018001f1c0 f   libucrt:_fenvutils.obj
 0001:0001e234       __dcrt_lowio_ensure_console_output_initialized 000000018001f234 f   libucrt:initcon.obj
 0001:0001e288       __dcrt_terminate_console_output 000000018001f288 f   libucrt:initcon.obj
 0001:0001e2a4       __dcrt_write_console       000000018001f2a4 f   libucrt:initcon.obj
 0001:0001e3dc       _close_internal            000000018001f3dc f   libucrt:close.obj
 0001:0001e4a0       _close_nolock_internal     000000018001f4a0 f   libucrt:close.obj
 0001:0001e570       ?__acrt_stdio_free_stream@@YAXV__crt_stdio_stream@@@Z 000000018001f570 f   libucrt:stream.obj
 0001:0001e590       _clearfp                   000000018001f590 f   libucrt:ieee.obj
 0001:0001e600       _control87                 000000018001f600 f   libucrt:ieee.obj
 0001:0001e9c0       _handle_error              000000018001f9c0 f   libucrt:libm_error.obj
 0001:0001eb00       _handle_nan                000000018001fb00 f   libucrt:libm_error.obj
 0001:0001eb20       ceil_sse41                 000000018001fb20 f   libucrt:floorceil_sse41.obj
 0001:0001eb30       __acrt_initialize_fma3     000000018001fb30 f   libucrt:fma3_available.obj
 0001:0001ebf0       _log10_special             000000018001fbf0 f   libucrt:log_special.obj
 0001:0001ecb0       _clrfp                     000000018001fcb0 f   libucrt:fpctrl.obj
 0001:0001ecd0       _ctrlfp                    000000018001fcd0 f   libucrt:fpctrl.obj
 0001:0001ed50       _get_fpcsr                 000000018001fd50 f   libucrt:fpctrl.obj
 0001:0001ed50       _get_fpsr                  000000018001fd50 f   libucrt:fpctrl.obj
 0001:0001ed60       _set_fpcsr                 000000018001fd60 f   libucrt:fpctrl.obj
 0001:0001ed60       _set_fpsr                  000000018001fd60 f   libucrt:fpctrl.obj
 0001:0001ed70       _set_statfp                000000018001fd70 f   libucrt:fpctrl.obj
 0001:0001ed90       _statfp                    000000018001fd90 f   libucrt:fpctrl.obj
 0001:0001eda0       _raise_exc                 000000018001fda0 f   libucrt:fpexcept.obj
 0001:0001edd0       _raise_exc_ex              000000018001fdd0 f   libucrt:fpexcept.obj
 0001:0001f0e0       _set_errno_from_matherr    00000001800200e0 f   libucrt:fpexcept.obj
 0001:0001f120       _FindPESection             0000000180020120 f   LIBCMT:pesect.obj
 0001:0001f170       _IsNonwritableInCurrentImage 0000000180020170 f   LIBCMT:pesect.obj
 0001:0001f1c0       _ValidateImageBase         00000001800201c0 f   LIBCMT:pesect.obj
 0001:0001f1ec       __GSHandlerCheck           00000001800201ec f   LIBCMT:gshandler.obj
 0001:0001f20c       __GSHandlerCheckCommon     000000018002020c f   LIBCMT:gshandler.obj
[...]
 0002:0000af7c       $unwind$_malloc_base       000000018002cf7c     libucrt:malloc_base.obj
 0002:0000af84       $unwind$__acrt_fp_format   000000018002cf84     libucrt:cvt.obj
 0002:0000af94       $unwind$?fp_format_e_internal@@YAHQEAD_KH_NIQEAU_strflt@@2AEAV__crt_cached_ptd_host@@@Z 000000018002cf94     libucrt:cvt.obj
 0002:0000afb0       $unwind$?fp_format_a@@YAHQEBNPEAD_KQEAD2H_NIW4__acrt_rounding_mode@@AEAV__crt_cached_ptd_host@@@Z 000000018002cfb0     libucrt:cvt.obj
 0002:0000afcc       $unwind$?fp_format_g@@YAHQEBNQEAD_K12H_NIW4__acrt_rounding_mode@@AEAV__crt_cached_ptd_host@@@Z 000000018002cfcc     libucrt:cvt.obj
 0002:0000afe4       $unwind$_wctomb_internal   000000018002cfe4     libucrt:wctomb.obj
 0002:0000aff8       $unwind$?__mbrtoc32_utf8@__crt_mbstring@@YA_KPEA_UPEBD_KPEAU_Mbstatet@@AEAV__crt_cached_ptd_host@@@Z 000000018002cff8     libucrt:mbrtoc32.obj
 0002:0000b014       $unwind$?__mbsrtowcs_utf8@__crt_mbstring@@YA_KPEA_WPEAPEBD_KPEAU_Mbstatet@@AEAV__crt_cached_ptd_host@@@Z 000000018002d014     libucrt:mbrtowc.obj
 0002:0000b030       $unwind$??$?RV<lambda_410d79af7f07d98d83a3f525b3859a53>@@AEAV<lambda_3e16ef9562a7dcce91392c22ab16ea36>@@V<lambda_38119f0e861e05405d8a144b9b982f0a>@@@?$__crt_seh_guarded_call@X@@QEAAX$$QEAV<lambda_410d79af7f07d98d83a3f525b3859a53>@@AEAV<lambda_3e16ef9562a7dcce91392c22ab16ea36>@@$$QEAV<lambda_38119f0e861e05405d8a144b9b982f0a>@@@Z 000000018002d030     libucrt:wsetlocale.obj
 0002:0000b058       $unwind$_isctype_l         000000018002d058     libucrt:isctype.obj
 0002:0000b074       $unwind$__acrt_update_thread_locale_data 000000018002d074     libucrt:locale_refcounting.obj
 0002:0000b098       $unwind$_set_new_mode      000000018002d098     libucrt:new_mode.obj
 0002:0000b0a0       $unwind$qsort              000000018002d0a0     libucrt:qsort.obj
 0002:0000b0b8       $chain$3$qsort             000000018002d0b8     libucrt:qsort.obj
 0002:0000b0d8       $chain$4$qsort             000000018002d0d8     libucrt:qsort.obj
 0002:0000b0e8       $unwind$strpbrk            000000018002d0e8     libucrt:strpbrk.obj
 0002:0000b0f8       $unwind$fallbackMethod     000000018002d0f8     libucrt:strpbrk.obj
 0002:0000b108       $unwind$__acrt_GetStringTypeA 000000018002d108     libucrt:getstringtypea.obj
 0002:0000b130       $unwind$__acrt_LCMapStringA 000000018002d130     libucrt:lcmapstringa.obj
 0002:0000b140       $unwind$?__acrt_LCMapStringA_stat@@YAHPEAU__crt_locale_pointers@@PEB_WKPEBDHPEADHHH@Z 000000018002d140     libucrt:lcmapstringa.obj
 0002:0000b168       $unwind$_msize_base        000000018002d168     libucrt:msize.obj
 0002:0000b170       $unwind$_realloc_base      000000018002d170     libucrt:realloc_base.obj
 0002:0000b17c       $unwind$__acrt_lowio_destroy_handle_array 000000018002d17c     libucrt:osfinfo.obj
 0002:0000b18c       $unwind$__acrt_lowio_ensure_fh_exists 000000018002d18c     libucrt:osfinfo.obj
 0002:0000b1b8       $unwind$_commit            000000018002d1b8     libucrt:commit.obj
 0002:0000b1c0       $unwind$??$?RV<lambda_a37b2b86f63e897a80ea819b0eb08c01>@@AEAV<lambda_38ce7e780aa69e748d6df282ebc68efe>@@V<lambda_99fb1378e971ab6e7edea83e3a7a83a2>@@@?$__crt_seh_guarded_call@H@@QEAAH$$QEAV<lambda_a37b2b86f63e897a80ea819b0eb08c01>@@AEAV<lambda_38ce7e780aa69e748d6df282ebc68efe>@@$$QEAV<lambda_99fb1378e971ab6e7edea83e3a7a83a2>@@@Z 000000018002d1c0     libucrt:commit.obj
 0002:0000b1e4       $unwind$_write_nolock      000000018002d1e4     libucrt:write.obj
 0002:0000b1fc       $unwind$_write_internal    000000018002d1fc     libucrt:write.obj
 0002:0000b228       $unwind$?write_double_translated_ansi_nolock@@YA?AUwrite_result@?A0x17268360@@HQEBDIAEAV__crt_cached_ptd_host@@@Z 000000018002d228     libucrt:write.obj
 0002:0000b250       $ip2state$?write_double_translated_ansi_nolock@@YA?AUwrite_result@?A0x17268360@@HQEBDIAEAV__crt_cached_ptd_host@@@Z 000000018002d250     libucrt:write.obj
 0002:0000b258       $unwind$?write_text_ansi_nolock@@YA?AUwrite_result@?A0x17268360@@HQEBDI@Z 000000018002d258     libucrt:write.obj
 0002:0000b258       $unwind$?write_text_utf16le_nolock@@YA?AUwrite_result@?A0x17268360@@HQEBDI@Z 000000018002d258     libucrt:write.obj
 0002:0000b278       $unwind$?write_text_utf8_nolock@@YA?AUwrite_result@?A0x17268360@@HQEBDI@Z 000000018002d278     libucrt:write.obj
 0002:0000b29c       $unwind$_fcloseall         000000018002d29c     libucrt:closeall.obj
 0002:0000b2c0       $unwind$__acrt_fltout      000000018002d2c0     libucrt:cfout.obj
 0002:0000b2e4       $unwind$?divide@__crt_strtox@@YA_KAEAUbig_integer@1@AEBU21@@Z 000000018002d2e4     libucrt:cfout.obj
 0002:0000b2fc       $chain$0$?divide@__crt_strtox@@YA_KAEAUbig_integer@1@AEBU21@@Z 000000018002d2fc     libucrt:cfout.obj
 0002:0000b310       $chain$1$?divide@__crt_strtox@@YA_KAEAUbig_integer@1@AEBU21@@Z 000000018002d310     libucrt:cfout.obj
 0002:0000b320       $unwind$__acrt_locale_free_monetary 000000018002d320     libucrt:initmon.obj
 0002:0000b328       $unwind$__acrt_locale_free_time 000000018002d328     libucrt:inittime.obj
 0002:0000b338       $unwind$_guard_check_icall 000000018002d338     libucrt:checkcfg.obj
 0002:0000b344       $unwind$_putwch_nolock     000000018002d344     libucrt:putwch.obj
 0002:0000b34c       $unwind$?_fclose_nolock_internal@@YAHQEAU_iobuf@@AEAV__crt_cached_ptd_host@@@Z 000000018002d34c     libucrt:fclose.obj
 0002:0000b35c       $unwind$?_fclose_internal@@YAHQEAU_iobuf@@AEAV__crt_cached_ptd_host@@@Z 000000018002d35c     libucrt:fclose.obj
 0002:0000b380       $unwind$fesetenv           000000018002d380     libucrt:fesetenv.obj
 0002:0000b390       $xdatasym$log10            000000018002d390     libucrt:log10.obj
 0002:0000b39c       $unwind$__acrt_fenv_set_control 000000018002d39c     libucrt:_fenvutils.obj
 0002:0000b3a8       $chain$0$__acrt_fenv_set_control 000000018002d3a8     libucrt:_fenvutils.obj
 0002:0000b3bc       $chain$1$__acrt_fenv_set_control 000000018002d3bc     libucrt:_fenvutils.obj
 0002:0000b3cc       $unwind$_close_internal    000000018002d3cc     libucrt:close.obj
 0002:0000b3d4       $unwind$??$?RV<lambda_ad8af0d99a0adf03d037d7dffe354bb5>@@AEAV<lambda_c9ba49e555ba839a7b07aa3fbecb7617>@@V<lambda_2f1ebd5d68526518146ae959c9e734c8>@@@?$__crt_seh_guarded_call@H@@QEAAH$$QEAV<lambda_ad8af0d99a0adf03d037d7dffe354bb5>@@AEAV<lambda_c9ba49e555ba839a7b07aa3fbecb7617>@@$$QEAV<lambda_2f1ebd5d68526518146ae959c9e734c8>@@@Z 000000018002d3d4     libucrt:close.obj
 0002:0000b3f8       $unwind$common_control87   000000018002d3f8     libucrt:ieee.obj
 0002:0000b41c       $unwind$_exception_enabled 000000018002d41c     libucrt:libm_error.obj
 0002:0000b430       $chain$0$_exception_enabled 000000018002d430     libucrt:libm_error.obj
 0002:0000b444       $chain$1$_exception_enabled 000000018002d444     libucrt:libm_error.obj
 0002:0000b454       $unwind$_handle_error      000000018002d454     libucrt:libm_error.obj
 0002:0000b470       $unwind$__acrt_initialize_fma3 000000018002d470     libucrt:fma3_available.obj
 0002:0000b478       $unwind$_log_special_common 000000018002d478     libucrt:log_special.obj
 0002:0000b484       $unwind$_ctrlfp            000000018002d484     libucrt:fpctrl.obj
 0002:0000b4a4       $unwind$_raise_exc_ex      000000018002d4a4     libucrt:fpexcept.obj
 0002:0000b4b8       $unwind$_IsNonwritableInCurrentImage 000000018002d4b8     LIBCMT:pesect.obj
 0002:0000b4dc       $unwind$__GSHandlerCheckCommon 000000018002d4dc     LIBCMT:gshandler.obj
 0002:0000b4e8       $xdatasym                  000000018002d4e8     LIBCMT:amdsecgs.obj
 0002:0000b4ec       $unwind$__report_gsfailure 000000018002d4ec     LIBCMT:gs_report.obj
 0002:0000b4f4       $unwind$capture_previous_context 000000018002d4f4     LIBCMT:gs_report.obj
 0002:0000b500       $xdatasym                  000000018002d500     LIBCMT:chkstk.obj
 0002:0000bb30       .edata                     000000018002db30     PhysXCooking_64.exp
 0002:0000bb58       rgpv                       000000018002db58     PhysXCooking_64.exp
 0002:0000bc3c       rgszName                   000000018002dc3c     PhysXCooking_64.exp
 0002:0000bd20       rgwOrd                     000000018002dd20     PhysXCooking_64.exp
 0002:0000bd92       szName                     000000018002dd92     PhysXCooking_64.exp
 0002:0000bda6       $N00001                    000000018002dda6     PhysXCooking_64.exp
 0002:0000bdca       $N00002                    000000018002ddca     PhysXCooking_64.exp
 0002:0000bdf9       $N00003                    000000018002ddf9     PhysXCooking_64.exp
 0002:0000be20       $N00004                    000000018002de20     PhysXCooking_64.exp
 0002:0000be77       $N00005                    000000018002de77     PhysXCooking_64.exp
 0002:0000bea2       $N00006                    000000018002dea2     PhysXCooking_64.exp
 0002:0000bec8       $N00007                    000000018002dec8     PhysXCooking_64.exp
 0002:0000bee7       $N00008                    000000018002dee7     PhysXCooking_64.exp
 0002:0000bf0b       $N00009                    000000018002df0b     PhysXCooking_64.exp
 0002:0000bf32       $N00010                    000000018002df32     PhysXCooking_64.exp
 0002:0000bf5b       $N00011                    000000018002df5b     PhysXCooking_64.exp
 0002:0000bf7a       $N00012                    000000018002df7a     PhysXCooking_64.exp
 0002:0000bfad       $N00013                    000000018002dfad     PhysXCooking_64.exp
 0002:0000bfe3       $N00014                    000000018002dfe3     PhysXCooking_64.exp
 0002:0000c01b       $N00015                    000000018002e01b     PhysXCooking_64.exp
 0002:0000c04d       $N00016                    000000018002e04d     PhysXCooking_64.exp
 0002:0000c079       $N00017                    000000018002e079     PhysXCooking_64.exp
 0002:0000c095       $N00018                    000000018002e095     PhysXCooking_64.exp
 0002:0000c0bf       $N00019                    000000018002e0bf     PhysXCooking_64.exp
 0002:0000c0fb       $N00020                    000000018002e0fb     PhysXCooking_64.exp
 0002:0000c136       $N00021                    000000018002e136     PhysXCooking_64.exp
 0002:0000c171       $N00022                    000000018002e171     PhysXCooking_64.exp
 0002:0000c1a6       $N00023                    000000018002e1a6     PhysXCooking_64.exp
 0002:0000c1e2       $N00024                    000000018002e1e2     PhysXCooking_64.exp
 0002:0000c215       $N00025                    000000018002e215     PhysXCooking_64.exp
 0002:0000c248       $N00026                    000000018002e248     PhysXCooking_64.exp
 0002:0000c282       $N00027                    000000018002e282     PhysXCooking_64.exp
 0002:0000c2bc       $N00028                    000000018002e2bc     PhysXCooking_64.exp
 0002:0000c2e9       $N00029                    000000018002e2e9     PhysXCooking_64.exp
 0002:0000c31c       $N00030                    000000018002e31c     PhysXCooking_64.exp
 0002:0000c34a       $N00031                    000000018002e34a     PhysXCooking_64.exp
 0002:0000c377       $N00032                    000000018002e377     PhysXCooking_64.exp
 0002:0000c3b3       $N00033                    000000018002e3b3     PhysXCooking_64.exp
 0002:0000c3f0       $N00034                    000000018002e3f0     PhysXCooking_64.exp
 0002:0000c420       $N00035                    000000018002e420     PhysXCooking_64.exp
 0002:0000c43f       $N00036                    000000018002e43f     PhysXCooking_64.exp
 0002:0000c456       $N00037                    000000018002e456     PhysXCooking_64.exp
 0002:0000c46c       $N00038                    000000018002e46c     PhysXCooking_64.exp
 0002:0000c483       $N00039                    000000018002e483     PhysXCooking_64.exp
 0002:0000c49b       $N00040                    000000018002e49b     PhysXCooking_64.exp
 0002:0000c4a5       $N00041                    000000018002e4a5     PhysXCooking_64.exp
 0002:0000c4b6       $N00042                    000000018002e4b6     PhysXCooking_64.exp
 0002:0000c4d1       $N00043                    000000018002e4d1     PhysXCooking_64.exp
 0002:0000c4e3       $N00044                    000000018002e4e3     PhysXCooking_64.exp
 0002:0000c4f9       $N00045                    000000018002e4f9     PhysXCooking_64.exp
 0002:0000c50c       $N00046                    000000018002e50c     PhysXCooking_64.exp
 0002:0000c518       $N00047                    000000018002e518     PhysXCooking_64.exp
 0002:0000c52c       $N00048                    000000018002e52c     PhysXCooking_64.exp
 0002:0000c53f       $N00049                    000000018002e53f     PhysXCooking_64.exp
 0002:0000c55c       $N00050                    000000018002e55c     PhysXCooking_64.exp
 0002:0000c570       $N00051                    000000018002e570     PhysXCooking_64.exp
 0002:0000c588       $N00052                    000000018002e588     PhysXCooking_64.exp
 0002:0000c59d       $N00053                    000000018002e59d     PhysXCooking_64.exp
 0002:0000c5ba       $N00054                    000000018002e5ba     PhysXCooking_64.exp
 0002:0000c5db       $N00055                    000000018002e5db     PhysXCooking_64.exp
 0002:0000c5fa       $N00056                    000000018002e5fa     PhysXCooking_64.exp
 0002:0000c60f       $N00057                    000000018002e60f     PhysXCooking_64.exp
 0002:0000c8e0       .idata$6                   000000018002e8e0     kernel32:KERNEL32.dll
 0003:000000b0       ?prefix@?1??getDimension@UnDecorator@@AEAA?AVDName@@_N@Z@4UStringLiteral@@A 000000018002f0b0     libvcruntime:undname.obj
 0003:000000c0       ?__vcrt_flsindex@@3KA      000000018002f0c0     libvcruntime:per_thread_data.obj
 0003:000000e0       ?__acrt_flsindex@@3KA      000000018002f0e0     libucrt:per_thread_data.obj
 0003:000000e4       ?errno_no_memory@@3HA      000000018002f0e4     libucrt:errno.obj
 0003:000000e8       ?doserrno_no_memory@@3KA   000000018002f0e8     libucrt:errno.obj
 0003:00000320       _mbctypes                  000000018002f320     libucrt:mbctype.obj
 0003:00000430       _mbcasemaps                000000018002f430     libucrt:mbctype.obj
 0003:00000530       ?__rgctypeflag@@3PADA      000000018002f530     libucrt:mbctype.obj
 0003:00000540       ?__rgcode_page_info@@3PAUcode_page_info@@A 000000018002f540     libucrt:mbctype.obj
 0003:00000a50       ?__dcrt_lowio_console_output_handle@@3PEAXEA 000000018002fa50     libucrt:initcon.obj
 0003:00000a58       ?dazSupported@?1??common_control87@@9@9 000000018002fa58     libucrt:ieee.obj
 0003:00000a60       ?dazSupported@?1??_ctrlfp@@9@9 000000018002fa60     libucrt:fpctrl.obj
 0003:00000d10       ?maxV3Error@vecMathTests@aos@physx@@3T__m128@@B 000000018002fd10     Cooking.obj
 0003:00000d20       ?minFError@vecMathTests@aos@physx@@3T__m128@@B 000000018002fd20     Cooking.obj
 0003:00000d30       ?maxV4Error@vecMathTests@aos@physx@@3T__m128@@B 000000018002fd30     Cooking.obj
 0003:00000d40       ?minV4Error@vecMathTests@aos@physx@@3T__m128@@B 000000018002fd40     Cooking.obj
 0003:00000d50       ?minV3Error@vecMathTests@aos@physx@@3T__m128@@B 000000018002fd50     Cooking.obj
 0003:00000d60       ?maxFError@vecMathTests@aos@physx@@3T__m128@@B 000000018002fd60     Cooking.obj
 0003:00000d70       ?gCookingDelayLoadHook@@3PEBVPxDelayLoadHook@physx@@EB 000000018002fd70     WindowsCookingDelayLoadHook.obj
 0003:00000dd0       ?__proc_attached@@3HA      000000018002fdd0     LIBCMT:dll_dllmain.obj
 0003:00000df8       ?is_initialized_as_dll@@3_NA 000000018002fdf8     LIBCMT:utility.obj
 0003:00000df9       ?module_local_atexit_table_initialized@@3_NA 000000018002fdf9     LIBCMT:utility.obj
 0003:00000e00       ?module_local_atexit_table@@3U_onexit_table_t@@A 000000018002fe00     LIBCMT:utility.obj
 0003:00000e18       ?module_local_at_quick_exit_table@@3U_onexit_table_t@@A 000000018002fe18     LIBCMT:utility.obj
 0003:00000e50       ?__vcrt_startup_thread_ptd@@3U__vcrt_ptd@@A 000000018002fe50     libvcruntime:per_thread_data.obj
 0003:00000ed0       __vcrt_lock_table          000000018002fed0     libvcruntime:locks.obj
 0003:00000ef8       __vcrt_locks_initialized   000000018002fef8     libvcruntime:locks.obj
 0003:00000f00       ?module_handles@@3PAPEAUHINSTANCE__@@A 000000018002ff00     libvcruntime:winapi_downlevel.obj
 0003:00000f18       ?function_pointers@@3PAPEAXA 000000018002ff18     libvcruntime:winapi_downlevel.obj
 0003:00000f40       ?c_termination_complete@@3JA 000000018002ff40     libucrt:exit.obj
 0003:00000f48       ?thread_local_exit_callback_func@@3P6AXPEAXK0@ZEA 000000018002ff48     libucrt:exit.obj
 0003:00000f50       ?c_exit_complete@?1???R<lambda_6e4b09c48022b2350581041d5f6b0c4c>@@QEBA@XZ@4_NA 000000018002ff50     libucrt:exit.obj
 0003:00000f60       ?program_name@?1???$common_configure_argv@D@@YAHW4_crt_argv_mode@@@Z@4PADA 000000018002ff60     libucrt:argv_parsing.obj
 0003:000010c0       ?__acrt_lock_table@@3PAU_RTL_CRITICAL_SECTION@@A 00000001800300c0     libucrt:locks.obj
 0003:00001318       ?__acrt_locks_initialized@@3IA 0000000180030318     libucrt:locks.obj
 0003:00001320       ?__acrt_invalid_parameter_handler@@3V?$dual_state_global@P6AXPEB_W00I_K@Z@__crt_state_management@@A 0000000180030320     libucrt:invalid_parameter.obj
 0003:00001340       ?fSystemSet@@3HA           0000000180030340     libucrt:mbctype.obj
 0003:00001344       ?initialized@?1??__acrt_initialize_multibyte@@9@4_NA 0000000180030344     libucrt:mbctype.obj
 0003:00001380       ?module_handles@@3PAPEAUHINSTANCE__@@A 0000000180030380     libucrt:winapi_thunks.obj
 0003:00001848       ?__acrt_new_handler@@3V?$dual_state_global@P6AH_K@Z@__crt_state_management@@A 0000000180030848     libucrt:new_handler.obj
 0003:00001850       ?ctrlc_action@@3V?$dual_state_global@P6AXH@Z@__crt_state_management@@A 0000000180030850     libucrt:signal.obj
 0003:00001858       ?ctrlbreak_action@@3V?$dual_state_global@P6AXH@Z@__crt_state_management@@A 0000000180030858     libucrt:signal.obj
 0003:00001860       ?abort_action@@3V?$dual_state_global@P6AXH@Z@__crt_state_management@@A 0000000180030860     libucrt:signal.obj
 0003:00001868       ?term_action@@3V?$dual_state_global@P6AXH@Z@__crt_state_management@@A 0000000180030868     libucrt:signal.obj
 0003:00001870       ?user_matherr@@3V?$dual_state_global@P6AHPEAU_exception@@@Z@__crt_state_management@@A 0000000180030870     libucrt:matherr.obj
 0003:000018a0       ?internal_state@?1??_mbtowc_internal@@9@4U_Mbstatet@@A 00000001800308a0     libucrt:mbtowc.obj
 0003:000018a8       ?internal_pst@?1??__mbrtoc32_utf8@__crt_mbstring@@YA_KPEA_UPEBD_KPEAU_Mbstatet@@AEAV__crt_cached_ptd_host@@@Z@4U3@A 00000001800308a8     libucrt:mbrtoc32.obj
 0003:000018b0       ?internal_pst@?1??__c16rtomb_utf8@__crt_mbstring@@YA_KPEAD_SPEAU_Mbstatet@@AEAV__crt_cached_ptd_host@@@Z@4U3@A 00000001800308b0     libucrt:c16rtomb.obj
 0003:000018b8       ?enable_percent_n@@3_KA    00000001800308b8     libucrt:printf_count_output.obj
 0003:000018c4       ?__acrt_global_new_mode@@3V?$dual_state_global@J@__crt_state_management@@A 00000001800308c4     libucrt:new_mode.obj
 0003:000018d0       ?__acrt_app_type@@3W4_crt_app_type@@A 00000001800308d0     libucrt:report_runtime_error.obj
 0003:000018e0       GS_ExceptionRecord         00000001800308e0     LIBCMT:gs_report.obj
 0003:00001980       GS_ContextRecord           0000000180030980     LIBCMT:gs_report.obj
 0005:00000000       ?function_pointers@@3PAPEAXA 0000000180033000     libucrt:winapi_thunks.obj
 0006:000000a0       $R000000                   00000001800340a0     PhysXCooking.res
 0006:000003d0       $R000330                   00000001800343d0     PhysXCooking.res
